Command line invocation:
    /Applications/Xcode.app/Contents/Developer/usr/bin/xcodebuild test -scheme jizhang -destination "platform=iOS Simulator,id=07D3DD59-A6E9-4909-93FF-B18949407A54"

Resolve Package Graph


Resolved source packages:
  PhosphorSwift: https://github.com/phosphor-icons/swift @ 2.1.0

ComputePackagePrebuildTargetDependencyGraph

Prepare packages

CreateBuildRequest

SendProjectDescription

CreateBuildOperation

ComputeTargetDependencyGraph
note: Building targets in dependency order
note: Target dependency graph (4 targets)
    Target 'jizhangUITests' in project 'jizhang'
        ➜ Explicit dependency on target 'jizhang' in project 'jizhang'
    Target 'jizhangTests' in project 'jizhang'
        ➜ Explicit dependency on target 'jizhang' in project 'jizhang'
    Target 'jizhang' in project 'jizhang'
        ➜ Explicit dependency on target 'jizhangWidgetExtension' in project 'jizhang'
    Target 'jizhangWidgetExtension' in project 'jizhang' (no dependencies)

GatherProvisioningInputs

CreateBuildDescription

ExecuteExternalTool /Applications/Xcode.app/Contents/Developer/Toolchains/XcodeDefault.xctoolchain/usr/bin/clang -v -E -dM -isysroot /Applications/Xcode.app/Contents/Developer/Platforms/iPhoneSimulator.platform/Developer/SDKs/iPhoneSimulator26.0.sdk -x c -c /dev/null

ExecuteExternalTool /Applications/Xcode.app/Contents/Developer/usr/bin/actool --version --output-format xml1

ExecuteExternalTool /Applications/Xcode.app/Contents/Developer/Toolchains/XcodeDefault.xctoolchain/usr/bin/swiftc --version

ExecuteExternalTool /Applications/Xcode.app/Contents/Developer/usr/bin/actool --print-asset-tag-combinations --output-format xml1 /Users/xuxiaolong/OpenSource/jizhang_ios/jizhang/jizhang/Assets.xcassets

ExecuteExternalTool /Applications/Xcode.app/Contents/Developer/Toolchains/XcodeDefault.xctoolchain/usr/bin/ld -version_details

Build description signature: 1092258703120ac417b192adc644ad3d
Build description path: /Users/xuxiaolong/Library/Developer/Xcode/DerivedData/jizhang-cdlcjwijbopjohfhhfxrybzyrozw/Build/Intermediates.noindex/XCBuildData/1092258703120ac417b192adc644ad3d.xcbuilddata
ClangStatCache /Applications/Xcode.app/Contents/Developer/Toolchains/XcodeDefault.xctoolchain/usr/bin/clang-stat-cache /Applications/Xcode.app/Contents/Developer/Platforms/iPhoneSimulator.platform/Developer/SDKs/iPhoneSimulator26.0.sdk /Users/xuxiaolong/Library/Developer/Xcode/DerivedData/SDKStatCaches.noindex/iphonesimulator26.0-23A339-26257891a6c027eb51374368541b8346.sdkstatcache
    cd /Users/xuxiaolong/OpenSource/jizhang_ios/jizhang/jizhang.xcodeproj
    /Applications/Xcode.app/Contents/Developer/Toolchains/XcodeDefault.xctoolchain/usr/bin/clang-stat-cache /Applications/Xcode.app/Contents/Developer/Platforms/iPhoneSimulator.platform/Developer/SDKs/iPhoneSimulator26.0.sdk -o /Users/xuxiaolong/Library/Developer/Xcode/DerivedData/SDKStatCaches.noindex/iphonesimulator26.0-23A339-26257891a6c027eb51374368541b8346.sdkstatcache

ProcessProductPackaging /Users/xuxiaolong/OpenSource/jizhang_ios/jizhang/jizhangWidgetExtension.entitlements /Users/xuxiaolong/Library/Developer/Xcode/DerivedData/jizhang-cdlcjwijbopjohfhhfxrybzyrozw/Build/Intermediates.noindex/jizhang.build/Debug-iphonesimulator/jizhangWidgetExtension.build/jizhangWidgetExtension.appex.xcent (in target 'jizhangWidgetExtension' from project 'jizhang')
    cd /Users/xuxiaolong/OpenSource/jizhang_ios/jizhang
    
    Entitlements:
    
    {
}
    
    builtin-productPackagingUtility /Users/xuxiaolong/OpenSource/jizhang_ios/jizhang/jizhangWidgetExtension.entitlements -entitlements -format xml -o /Users/xuxiaolong/Library/Developer/Xcode/DerivedData/jizhang-cdlcjwijbopjohfhhfxrybzyrozw/Build/Intermediates.noindex/jizhang.build/Debug-iphonesimulator/jizhangWidgetExtension.build/jizhangWidgetExtension.appex.xcent

ProcessProductPackaging /Users/xuxiaolong/OpenSource/jizhang_ios/jizhang/jizhangWidgetExtension.entitlements /Users/xuxiaolong/Library/Developer/Xcode/DerivedData/jizhang-cdlcjwijbopjohfhhfxrybzyrozw/Build/Intermediates.noindex/jizhang.build/Debug-iphonesimulator/jizhangWidgetExtension.build/jizhangWidgetExtension.appex-Simulated.xcent (in target 'jizhangWidgetExtension' from project 'jizhang')
    cd /Users/xuxiaolong/OpenSource/jizhang_ios/jizhang
    
    Entitlements:
    
    {
    "application-identifier" = "3LSP26D33P.com.xxl.jizhang.jizhangWidget";
    "com.apple.security.application-groups" =     (
        "group.com.xxl.jizhang"
    );
}
    
    builtin-productPackagingUtility /Users/xuxiaolong/OpenSource/jizhang_ios/jizhang/jizhangWidgetExtension.entitlements -entitlements -format xml -o /Users/xuxiaolong/Library/Developer/Xcode/DerivedData/jizhang-cdlcjwijbopjohfhhfxrybzyrozw/Build/Intermediates.noindex/jizhang.build/Debug-iphonesimulator/jizhangWidgetExtension.build/jizhangWidgetExtension.appex-Simulated.xcent

ProcessProductPackagingDER /Users/xuxiaolong/Library/Developer/Xcode/DerivedData/jizhang-cdlcjwijbopjohfhhfxrybzyrozw/Build/Intermediates.noindex/jizhang.build/Debug-iphonesimulator/jizhangWidgetExtension.build/jizhangWidgetExtension.appex.xcent /Users/xuxiaolong/Library/Developer/Xcode/DerivedData/jizhang-cdlcjwijbopjohfhhfxrybzyrozw/Build/Intermediates.noindex/jizhang.build/Debug-iphonesimulator/jizhangWidgetExtension.build/jizhangWidgetExtension.appex.xcent.der (in target 'jizhangWidgetExtension' from project 'jizhang')
    cd /Users/xuxiaolong/OpenSource/jizhang_ios/jizhang
    /usr/bin/derq query -f xml -i /Users/xuxiaolong/Library/Developer/Xcode/DerivedData/jizhang-cdlcjwijbopjohfhhfxrybzyrozw/Build/Intermediates.noindex/jizhang.build/Debug-iphonesimulator/jizhangWidgetExtension.build/jizhangWidgetExtension.appex.xcent -o /Users/xuxiaolong/Library/Developer/Xcode/DerivedData/jizhang-cdlcjwijbopjohfhhfxrybzyrozw/Build/Intermediates.noindex/jizhang.build/Debug-iphonesimulator/jizhangWidgetExtension.build/jizhangWidgetExtension.appex.xcent.der --raw

ProcessProductPackagingDER /Users/xuxiaolong/Library/Developer/Xcode/DerivedData/jizhang-cdlcjwijbopjohfhhfxrybzyrozw/Build/Intermediates.noindex/jizhang.build/Debug-iphonesimulator/jizhangWidgetExtension.build/jizhangWidgetExtension.appex-Simulated.xcent /Users/xuxiaolong/Library/Developer/Xcode/DerivedData/jizhang-cdlcjwijbopjohfhhfxrybzyrozw/Build/Intermediates.noindex/jizhang.build/Debug-iphonesimulator/jizhangWidgetExtension.build/jizhangWidgetExtension.appex-Simulated.xcent.der (in target 'jizhangWidgetExtension' from project 'jizhang')
    cd /Users/xuxiaolong/OpenSource/jizhang_ios/jizhang
    /usr/bin/derq query -f xml -i /Users/xuxiaolong/Library/Developer/Xcode/DerivedData/jizhang-cdlcjwijbopjohfhhfxrybzyrozw/Build/Intermediates.noindex/jizhang.build/Debug-iphonesimulator/jizhangWidgetExtension.build/jizhangWidgetExtension.appex-Simulated.xcent -o /Users/xuxiaolong/Library/Developer/Xcode/DerivedData/jizhang-cdlcjwijbopjohfhhfxrybzyrozw/Build/Intermediates.noindex/jizhang.build/Debug-iphonesimulator/jizhangWidgetExtension.build/jizhangWidgetExtension.appex-Simulated.xcent.der --raw

Ld /Users/xuxiaolong/Library/Developer/Xcode/DerivedData/jizhang-cdlcjwijbopjohfhhfxrybzyrozw/Build/Products/Debug-iphonesimulator/jizhangWidgetExtension.appex/jizhangWidgetExtension.debug.dylib normal (in target 'jizhangWidgetExtension' from project 'jizhang')
    cd /Users/xuxiaolong/OpenSource/jizhang_ios/jizhang
    /Applications/Xcode.app/Contents/Developer/Toolchains/XcodeDefault.xctoolchain/usr/bin/clang -Xlinker -reproducible -target arm64-apple-ios26.0-simulator -dynamiclib -isysroot /Applications/Xcode.app/Contents/Developer/Platforms/iPhoneSimulator.platform/Developer/SDKs/iPhoneSimulator26.0.sdk -O0 -L/Users/xuxiaolong/Library/Developer/Xcode/DerivedData/jizhang-cdlcjwijbopjohfhhfxrybzyrozw/Build/Intermediates.noindex/EagerLinkingTBDs/Debug-iphonesimulator -L/Users/xuxiaolong/Library/Developer/Xcode/DerivedData/jizhang-cdlcjwijbopjohfhhfxrybzyrozw/Build/Products/Debug-iphonesimulator -F/Users/xuxiaolong/Library/Developer/Xcode/DerivedData/jizhang-cdlcjwijbopjohfhhfxrybzyrozw/Build/Intermediates.noindex/EagerLinkingTBDs/Debug-iphonesimulator -F/Users/xuxiaolong/Library/Developer/Xcode/DerivedData/jizhang-cdlcjwijbopjohfhhfxrybzyrozw/Build/Products/Debug-iphonesimulator -filelist /Users/xuxiaolong/Library/Developer/Xcode/DerivedData/jizhang-cdlcjwijbopjohfhhfxrybzyrozw/Build/Intermediates.noindex/jizhang.build/Debug-iphonesimulator/jizhangWidgetExtension.build/Objects-normal/arm64/jizhangWidgetExtension.LinkFileList -install_name @rpath/jizhangWidgetExtension.debug.dylib -Xlinker -rpath -Xlinker @executable_path/Frameworks -Xlinker -rpath -Xlinker @executable_path/../../Frameworks -dead_strip -Xlinker -object_path_lto -Xlinker /Users/xuxiaolong/Library/Developer/Xcode/DerivedData/jizhang-cdlcjwijbopjohfhhfxrybzyrozw/Build/Intermediates.noindex/jizhang.build/Debug-iphonesimulator/jizhangWidgetExtension.build/Objects-normal/arm64/jizhangWidgetExtension_lto.o -rdynamic -Xlinker -no_deduplicate -Xlinker -objc_abi_version -Xlinker 2 -Xlinker -dependency_info -Xlinker /Users/xuxiaolong/Library/Developer/Xcode/DerivedData/jizhang-cdlcjwijbopjohfhhfxrybzyrozw/Build/Intermediates.noindex/jizhang.build/Debug-iphonesimulator/jizhangWidgetExtension.build/Objects-normal/arm64/jizhangWidgetExtension_dependency_info.dat -fapplication-extension -fobjc-link-runtime -L/Applications/Xcode.app/Contents/Developer/Toolchains/XcodeDefault.xctoolchain/usr/lib/swift/iphonesimulator -L/usr/lib/swift -Xlinker -add_ast_path -Xlinker /Users/xuxiaolong/Library/Developer/Xcode/DerivedData/jizhang-cdlcjwijbopjohfhhfxrybzyrozw/Build/Intermediates.noindex/jizhang.build/Debug-iphonesimulator/jizhangWidgetExtension.build/Objects-normal/arm64/jizhangWidgetExtension.swiftmodule @/Users/xuxiaolong/Library/Developer/Xcode/DerivedData/jizhang-cdlcjwijbopjohfhhfxrybzyrozw/Build/Intermediates.noindex/jizhang.build/Debug-iphonesimulator/jizhangWidgetExtension.build/Objects-normal/arm64/jizhangWidgetExtension-linker-args.resp -Xlinker -alias -Xlinker _NSExtensionMain -Xlinker ___debug_main_executable_dylib_entry_point -framework SwiftUI -framework WidgetKit -Xlinker -no_adhoc_codesign -o /Users/xuxiaolong/Library/Developer/Xcode/DerivedData/jizhang-cdlcjwijbopjohfhhfxrybzyrozw/Build/Products/Debug-iphonesimulator/jizhangWidgetExtension.appex/jizhangWidgetExtension.debug.dylib

ProcessProductPackaging /Users/xuxiaolong/OpenSource/jizhang_ios/jizhang/jizhang/jizhang.entitlements /Users/xuxiaolong/Library/Developer/Xcode/DerivedData/jizhang-cdlcjwijbopjohfhhfxrybzyrozw/Build/Intermediates.noindex/jizhang.build/Debug-iphonesimulator/jizhang.build/jizhang.app-Simulated.xcent (in target 'jizhang' from project 'jizhang')
    cd /Users/xuxiaolong/OpenSource/jizhang_ios/jizhang
    
    Entitlements:
    
    {
    "application-identifier" = "3LSP26D33P.com.xxl.jizhang";
    "aps-environment" = development;
    "com.apple.developer.icloud-container-identifiers" =     (
        "iCloud.com.xxl.jizhang"
    );
    "com.apple.developer.icloud-services" =     (
        CloudKit
    );
    "com.apple.security.application-groups" =     (
        "group.com.xxl.jizhang"
    );
}
    
    builtin-productPackagingUtility /Users/xuxiaolong/OpenSource/jizhang_ios/jizhang/jizhang/jizhang.entitlements -entitlements -format xml -o /Users/xuxiaolong/Library/Developer/Xcode/DerivedData/jizhang-cdlcjwijbopjohfhhfxrybzyrozw/Build/Intermediates.noindex/jizhang.build/Debug-iphonesimulator/jizhang.build/jizhang.app-Simulated.xcent

ProcessProductPackaging /Users/xuxiaolong/OpenSource/jizhang_ios/jizhang/jizhang/jizhang.entitlements /Users/xuxiaolong/Library/Developer/Xcode/DerivedData/jizhang-cdlcjwijbopjohfhhfxrybzyrozw/Build/Intermediates.noindex/jizhang.build/Debug-iphonesimulator/jizhang.build/jizhang.app.xcent (in target 'jizhang' from project 'jizhang')
    cd /Users/xuxiaolong/OpenSource/jizhang_ios/jizhang
    
    Entitlements:
    
    {
}
    
    builtin-productPackagingUtility /Users/xuxiaolong/OpenSource/jizhang_ios/jizhang/jizhang/jizhang.entitlements -entitlements -format xml -o /Users/xuxiaolong/Library/Developer/Xcode/DerivedData/jizhang-cdlcjwijbopjohfhhfxrybzyrozw/Build/Intermediates.noindex/jizhang.build/Debug-iphonesimulator/jizhang.build/jizhang.app.xcent

Ld /Users/xuxiaolong/Library/Developer/Xcode/DerivedData/jizhang-cdlcjwijbopjohfhhfxrybzyrozw/Build/Products/Debug-iphonesimulator/jizhangWidgetExtension.appex/__preview.dylib normal (in target 'jizhangWidgetExtension' from project 'jizhang')
    cd /Users/xuxiaolong/OpenSource/jizhang_ios/jizhang
    /Applications/Xcode.app/Contents/Developer/Toolchains/XcodeDefault.xctoolchain/usr/bin/clang -Xlinker -reproducible -target arm64-apple-ios26.0-simulator -dynamiclib -isysroot /Applications/Xcode.app/Contents/Developer/Platforms/iPhoneSimulator.platform/Developer/SDKs/iPhoneSimulator26.0.sdk -O0 -L/Users/xuxiaolong/Library/Developer/Xcode/DerivedData/jizhang-cdlcjwijbopjohfhhfxrybzyrozw/Build/Products/Debug-iphonesimulator -F/Users/xuxiaolong/Library/Developer/Xcode/DerivedData/jizhang-cdlcjwijbopjohfhhfxrybzyrozw/Build/Products/Debug-iphonesimulator -install_name @rpath/jizhangWidgetExtension.debug.dylib -dead_strip -rdynamic -Xlinker -no_deduplicate -Xlinker -objc_abi_version -Xlinker 2 -Xlinker -dependency_info -Xlinker /Users/xuxiaolong/Library/Developer/Xcode/DerivedData/jizhang-cdlcjwijbopjohfhhfxrybzyrozw/Build/Intermediates.noindex/jizhang.build/Debug-iphonesimulator/jizhangWidgetExtension.build/Objects-normal/arm64/jizhangWidgetExtension_dependency_info.dat -Xlinker -sectcreate -Xlinker __TEXT -Xlinker __entitlements -Xlinker /Users/xuxiaolong/Library/Developer/Xcode/DerivedData/jizhang-cdlcjwijbopjohfhhfxrybzyrozw/Build/Intermediates.noindex/jizhang.build/Debug-iphonesimulator/jizhangWidgetExtension.build/jizhangWidgetExtension.appex-Simulated.xcent -Xlinker -sectcreate -Xlinker __TEXT -Xlinker __ents_der -Xlinker /Users/xuxiaolong/Library/Developer/Xcode/DerivedData/jizhang-cdlcjwijbopjohfhhfxrybzyrozw/Build/Intermediates.noindex/jizhang.build/Debug-iphonesimulator/jizhangWidgetExtension.build/jizhangWidgetExtension.appex-Simulated.xcent.der -Xlinker -no_adhoc_codesign -o /Users/xuxiaolong/Library/Developer/Xcode/DerivedData/jizhang-cdlcjwijbopjohfhhfxrybzyrozw/Build/Products/Debug-iphonesimulator/jizhangWidgetExtension.appex/__preview.dylib

CompileAssetCatalogVariant thinned /Users/xuxiaolong/Library/Developer/Xcode/DerivedData/jizhang-cdlcjwijbopjohfhhfxrybzyrozw/Build/Products/Debug-iphonesimulator/jizhangWidgetExtension.appex /Users/xuxiaolong/OpenSource/jizhang_ios/jizhang/jizhangWidget/Assets.xcassets (in target 'jizhangWidgetExtension' from project 'jizhang')
    cd /Users/xuxiaolong/OpenSource/jizhang_ios/jizhang
    /Applications/Xcode.app/Contents/Developer/usr/bin/actool /Users/xuxiaolong/OpenSource/jizhang_ios/jizhang/jizhangWidget/Assets.xcassets --compile /Users/xuxiaolong/Library/Developer/Xcode/DerivedData/jizhang-cdlcjwijbopjohfhhfxrybzyrozw/Build/Intermediates.noindex/jizhang.build/Debug-iphonesimulator/jizhangWidgetExtension.build/assetcatalog_output/thinned --output-format human-readable-text --notices --warnings --export-dependency-info /Users/xuxiaolong/Library/Developer/Xcode/DerivedData/jizhang-cdlcjwijbopjohfhhfxrybzyrozw/Build/Intermediates.noindex/jizhang.build/Debug-iphonesimulator/jizhangWidgetExtension.build/assetcatalog_dependencies_thinned --output-partial-info-plist /Users/xuxiaolong/Library/Developer/Xcode/DerivedData/jizhang-cdlcjwijbopjohfhhfxrybzyrozw/Build/Intermediates.noindex/jizhang.build/Debug-iphonesimulator/jizhangWidgetExtension.build/assetcatalog_generated_info.plist_thinned --accent-color AccentColor --widget-background-color WidgetBackground --compress-pngs --enable-on-demand-resources NO --standalone-icon-behavior all --filter-for-thinning-device-configuration iPhone18,3 --filter-for-device-os-version 26.0.1 --development-region en --target-device iphone --target-device ipad --minimum-deployment-target 26.0 --platform iphonesimulator
/* com.apple.actool.compilation-results */
/Users/xuxiaolong/Library/Developer/Xcode/DerivedData/jizhang-cdlcjwijbopjohfhhfxrybzyrozw/Build/Intermediates.noindex/jizhang.build/Debug-iphonesimulator/jizhangWidgetExtension.build/assetcatalog_generated_info.plist_thinned


ProcessProductPackagingDER /Users/xuxiaolong/Library/Developer/Xcode/DerivedData/jizhang-cdlcjwijbopjohfhhfxrybzyrozw/Build/Intermediates.noindex/jizhang.build/Debug-iphonesimulator/jizhang.build/jizhang.app.xcent /Users/xuxiaolong/Library/Developer/Xcode/DerivedData/jizhang-cdlcjwijbopjohfhhfxrybzyrozw/Build/Intermediates.noindex/jizhang.build/Debug-iphonesimulator/jizhang.build/jizhang.app.xcent.der (in target 'jizhang' from project 'jizhang')
    cd /Users/xuxiaolong/OpenSource/jizhang_ios/jizhang
    /usr/bin/derq query -f xml -i /Users/xuxiaolong/Library/Developer/Xcode/DerivedData/jizhang-cdlcjwijbopjohfhhfxrybzyrozw/Build/Intermediates.noindex/jizhang.build/Debug-iphonesimulator/jizhang.build/jizhang.app.xcent -o /Users/xuxiaolong/Library/Developer/Xcode/DerivedData/jizhang-cdlcjwijbopjohfhhfxrybzyrozw/Build/Intermediates.noindex/jizhang.build/Debug-iphonesimulator/jizhang.build/jizhang.app.xcent.der --raw

ProcessProductPackagingDER /Users/xuxiaolong/Library/Developer/Xcode/DerivedData/jizhang-cdlcjwijbopjohfhhfxrybzyrozw/Build/Intermediates.noindex/jizhang.build/Debug-iphonesimulator/jizhang.build/jizhang.app-Simulated.xcent /Users/xuxiaolong/Library/Developer/Xcode/DerivedData/jizhang-cdlcjwijbopjohfhhfxrybzyrozw/Build/Intermediates.noindex/jizhang.build/Debug-iphonesimulator/jizhang.build/jizhang.app-Simulated.xcent.der (in target 'jizhang' from project 'jizhang')
    cd /Users/xuxiaolong/OpenSource/jizhang_ios/jizhang
    /usr/bin/derq query -f xml -i /Users/xuxiaolong/Library/Developer/Xcode/DerivedData/jizhang-cdlcjwijbopjohfhhfxrybzyrozw/Build/Intermediates.noindex/jizhang.build/Debug-iphonesimulator/jizhang.build/jizhang.app-Simulated.xcent -o /Users/xuxiaolong/Library/Developer/Xcode/DerivedData/jizhang-cdlcjwijbopjohfhhfxrybzyrozw/Build/Intermediates.noindex/jizhang.build/Debug-iphonesimulator/jizhang.build/jizhang.app-Simulated.xcent.der --raw

ProcessProductPackaging "" /Users/xuxiaolong/Library/Developer/Xcode/DerivedData/jizhang-cdlcjwijbopjohfhhfxrybzyrozw/Build/Intermediates.noindex/jizhang.build/Debug-iphonesimulator/jizhangUITests.build/jizhangUITests.xctest-Simulated.xcent (in target 'jizhangUITests' from project 'jizhang')
    cd /Users/xuxiaolong/OpenSource/jizhang_ios/jizhang
    
    Entitlements:
    
    {
    "application-identifier" = "3LSP26D33P.com.xxl.jizhangUITests.xctrunner";
    "keychain-access-groups" =     (
        "3LSP26D33P.com.xxl.jizhangUITests.xctrunner"
    );
}
    
    builtin-productPackagingUtility -entitlements -format xml -o /Users/xuxiaolong/Library/Developer/Xcode/DerivedData/jizhang-cdlcjwijbopjohfhhfxrybzyrozw/Build/Intermediates.noindex/jizhang.build/Debug-iphonesimulator/jizhangUITests.build/jizhangUITests.xctest-Simulated.xcent

CompileAssetCatalogVariant thinned /Users/xuxiaolong/Library/Developer/Xcode/DerivedData/jizhang-cdlcjwijbopjohfhhfxrybzyrozw/Build/Products/Debug-iphonesimulator/jizhang.app /Users/xuxiaolong/OpenSource/jizhang_ios/jizhang/jizhang/Assets.xcassets (in target 'jizhang' from project 'jizhang')
    cd /Users/xuxiaolong/OpenSource/jizhang_ios/jizhang
    /Applications/Xcode.app/Contents/Developer/usr/bin/actool /Users/xuxiaolong/OpenSource/jizhang_ios/jizhang/jizhang/Assets.xcassets --compile /Users/xuxiaolong/Library/Developer/Xcode/DerivedData/jizhang-cdlcjwijbopjohfhhfxrybzyrozw/Build/Intermediates.noindex/jizhang.build/Debug-iphonesimulator/jizhang.build/assetcatalog_output/thinned --output-format human-readable-text --notices --warnings --export-dependency-info /Users/xuxiaolong/Library/Developer/Xcode/DerivedData/jizhang-cdlcjwijbopjohfhhfxrybzyrozw/Build/Intermediates.noindex/jizhang.build/Debug-iphonesimulator/jizhang.build/assetcatalog_dependencies_thinned --output-partial-info-plist /Users/xuxiaolong/Library/Developer/Xcode/DerivedData/jizhang-cdlcjwijbopjohfhhfxrybzyrozw/Build/Intermediates.noindex/jizhang.build/Debug-iphonesimulator/jizhang.build/assetcatalog_generated_info.plist_thinned --app-icon AppIcon --accent-color AccentColor --compress-pngs --enable-on-demand-resources YES --filter-for-thinning-device-configuration iPhone18,3 --filter-for-device-os-version 26.0.1 --development-region en --target-device iphone --target-device ipad --minimum-deployment-target 17.6 --platform iphonesimulator
objc[13580]: Class _NoAnimationDelegate is implemented in both /Library/Developer/CoreSimulator/Volumes/iOS_23A8464/Library/Developer/CoreSimulator/Profiles/Runtimes/iOS 26.0.simruntime/Contents/Resources/RuntimeRoot/System/Library/Frameworks/SwiftUICore.framework/SwiftUICore (0x145c3c130) and /Library/Developer/CoreSimulator/Volumes/iOS_23A8464/Library/Developer/CoreSimulator/Profiles/Runtimes/iOS 26.0.simruntime/Contents/Resources/RuntimeRoot/System/Library/PrivateFrameworks/UIKitCore.framework/UIKitCore (0x142da5198). This may cause spurious casting failures and mysterious crashes. One of the duplicates must be removed or renamed.
/* com.apple.actool.compilation-results */
/Users/xuxiaolong/Library/Developer/Xcode/DerivedData/jizhang-cdlcjwijbopjohfhhfxrybzyrozw/Build/Intermediates.noindex/jizhang.build/Debug-iphonesimulator/jizhang.build/assetcatalog_generated_info.plist_thinned
/Users/xuxiaolong/Library/Developer/Xcode/DerivedData/jizhang-cdlcjwijbopjohfhhfxrybzyrozw/Build/Intermediates.noindex/jizhang.build/Debug-iphonesimulator/jizhang.build/assetcatalog_output/thinned/AppIcon60x60@2x.png
/Users/xuxiaolong/Library/Developer/Xcode/DerivedData/jizhang-cdlcjwijbopjohfhhfxrybzyrozw/Build/Intermediates.noindex/jizhang.build/Debug-iphonesimulator/jizhang.build/assetcatalog_output/thinned/AppIcon76x76@2x~ipad.png
/Users/xuxiaolong/Library/Developer/Xcode/DerivedData/jizhang-cdlcjwijbopjohfhhfxrybzyrozw/Build/Intermediates.noindex/jizhang.build/Debug-iphonesimulator/jizhang.build/assetcatalog_output/thinned/Assets.car


ProcessInfoPlistFile /Users/xuxiaolong/Library/Developer/Xcode/DerivedData/jizhang-cdlcjwijbopjohfhhfxrybzyrozw/Build/Products/Debug-iphonesimulator/jizhangWidgetExtension.appex/Info.plist /Users/xuxiaolong/OpenSource/jizhang_ios/jizhang/jizhangWidget/Info.plist (in target 'jizhangWidgetExtension' from project 'jizhang')
    cd /Users/xuxiaolong/OpenSource/jizhang_ios/jizhang
    builtin-infoPlistUtility /Users/xuxiaolong/OpenSource/jizhang_ios/jizhang/jizhangWidget/Info.plist -producttype com.apple.product-type.app-extension -expandbuildsettings -format binary -platform iphonesimulator -additionalcontentfile /Users/xuxiaolong/Library/Developer/Xcode/DerivedData/jizhang-cdlcjwijbopjohfhhfxrybzyrozw/Build/Intermediates.noindex/jizhang.build/Debug-iphonesimulator/jizhangWidgetExtension.build/assetcatalog_generated_info.plist -o /Users/xuxiaolong/Library/Developer/Xcode/DerivedData/jizhang-cdlcjwijbopjohfhhfxrybzyrozw/Build/Products/Debug-iphonesimulator/jizhangWidgetExtension.appex/Info.plist

ProcessProductPackagingDER /Users/xuxiaolong/Library/Developer/Xcode/DerivedData/jizhang-cdlcjwijbopjohfhhfxrybzyrozw/Build/Intermediates.noindex/jizhang.build/Debug-iphonesimulator/jizhangUITests.build/jizhangUITests.xctest-Simulated.xcent /Users/xuxiaolong/Library/Developer/Xcode/DerivedData/jizhang-cdlcjwijbopjohfhhfxrybzyrozw/Build/Intermediates.noindex/jizhang.build/Debug-iphonesimulator/jizhangUITests.build/jizhangUITests.xctest-Simulated.xcent.der (in target 'jizhangUITests' from project 'jizhang')
    cd /Users/xuxiaolong/OpenSource/jizhang_ios/jizhang
    /usr/bin/derq query -f xml -i /Users/xuxiaolong/Library/Developer/Xcode/DerivedData/jizhang-cdlcjwijbopjohfhhfxrybzyrozw/Build/Intermediates.noindex/jizhang.build/Debug-iphonesimulator/jizhangUITests.build/jizhangUITests.xctest-Simulated.xcent -o /Users/xuxiaolong/Library/Developer/Xcode/DerivedData/jizhang-cdlcjwijbopjohfhhfxrybzyrozw/Build/Intermediates.noindex/jizhang.build/Debug-iphonesimulator/jizhangUITests.build/jizhangUITests.xctest-Simulated.xcent.der --raw

ConstructStubExecutorLinkFileList /Users/xuxiaolong/Library/Developer/Xcode/DerivedData/jizhang-cdlcjwijbopjohfhhfxrybzyrozw/Build/Intermediates.noindex/jizhang.build/Debug-iphonesimulator/jizhangWidgetExtension.build/jizhangWidgetExtension-ExecutorLinkFileList-normal-arm64.txt (in target 'jizhangWidgetExtension' from project 'jizhang')
    cd /Users/xuxiaolong/OpenSource/jizhang_ios/jizhang
    construct-stub-executor-link-file-list /Users/xuxiaolong/Library/Developer/Xcode/DerivedData/jizhang-cdlcjwijbopjohfhhfxrybzyrozw/Build/Products/Debug-iphonesimulator/jizhangWidgetExtension.appex/jizhangWidgetExtension.debug.dylib /Applications/Xcode.app/Contents/Developer/Platforms/iPhoneSimulator.platform/Developer/usr/lib/libPreviewsJITStubExecutor_no_swift_entry_point.a /Applications/Xcode.app/Contents/Developer/Platforms/iPhoneSimulator.platform/Developer/usr/lib/libPreviewsJITStubExecutor.a --output /Users/xuxiaolong/Library/Developer/Xcode/DerivedData/jizhang-cdlcjwijbopjohfhhfxrybzyrozw/Build/Intermediates.noindex/jizhang.build/Debug-iphonesimulator/jizhangWidgetExtension.build/jizhangWidgetExtension-ExecutorLinkFileList-normal-arm64.txt
note: Using stub executor library with Swift entry point. (in target 'jizhangWidgetExtension' from project 'jizhang')

Ld /Users/xuxiaolong/Library/Developer/Xcode/DerivedData/jizhang-cdlcjwijbopjohfhhfxrybzyrozw/Build/Products/Debug-iphonesimulator/jizhangWidgetExtension.appex/jizhangWidgetExtension normal (in target 'jizhangWidgetExtension' from project 'jizhang')
    cd /Users/xuxiaolong/OpenSource/jizhang_ios/jizhang
    /Applications/Xcode.app/Contents/Developer/Toolchains/XcodeDefault.xctoolchain/usr/bin/clang -Xlinker -reproducible -target arm64-apple-ios26.0-simulator -isysroot /Applications/Xcode.app/Contents/Developer/Platforms/iPhoneSimulator.platform/Developer/SDKs/iPhoneSimulator26.0.sdk -O0 -L/Users/xuxiaolong/Library/Developer/Xcode/DerivedData/jizhang-cdlcjwijbopjohfhhfxrybzyrozw/Build/Products/Debug-iphonesimulator -F/Users/xuxiaolong/Library/Developer/Xcode/DerivedData/jizhang-cdlcjwijbopjohfhhfxrybzyrozw/Build/Products/Debug-iphonesimulator -Xlinker -rpath -Xlinker @executable_path -Xlinker -rpath -Xlinker @executable_path/Frameworks -Xlinker -rpath -Xlinker @executable_path/../../Frameworks -rdynamic -Xlinker -no_deduplicate -Xlinker -objc_abi_version -Xlinker 2 -e ___debug_blank_executor_main -Xlinker -sectcreate -Xlinker __TEXT -Xlinker __debug_dylib -Xlinker /Users/xuxiaolong/Library/Developer/Xcode/DerivedData/jizhang-cdlcjwijbopjohfhhfxrybzyrozw/Build/Intermediates.noindex/jizhang.build/Debug-iphonesimulator/jizhangWidgetExtension.build/jizhangWidgetExtension-DebugDylibPath-normal-arm64.txt -Xlinker -sectcreate -Xlinker __TEXT -Xlinker __debug_entry -Xlinker /Users/xuxiaolong/Library/Developer/Xcode/DerivedData/jizhang-cdlcjwijbopjohfhhfxrybzyrozw/Build/Intermediates.noindex/jizhang.build/Debug-iphonesimulator/jizhangWidgetExtension.build/jizhangWidgetExtension-DebugEntryPoint-normal-arm64.txt -Xlinker -sectcreate -Xlinker __TEXT -Xlinker __debug_instlnm -Xlinker /Users/xuxiaolong/Library/Developer/Xcode/DerivedData/jizhang-cdlcjwijbopjohfhhfxrybzyrozw/Build/Intermediates.noindex/jizhang.build/Debug-iphonesimulator/jizhangWidgetExtension.build/jizhangWidgetExtension-DebugDylibInstallName-normal-arm64.txt -Xlinker -filelist -Xlinker /Users/xuxiaolong/Library/Developer/Xcode/DerivedData/jizhang-cdlcjwijbopjohfhhfxrybzyrozw/Build/Intermediates.noindex/jizhang.build/Debug-iphonesimulator/jizhangWidgetExtension.build/jizhangWidgetExtension-ExecutorLinkFileList-normal-arm64.txt -Xlinker -sectcreate -Xlinker __TEXT -Xlinker __entitlements -Xlinker /Users/xuxiaolong/Library/Developer/Xcode/DerivedData/jizhang-cdlcjwijbopjohfhhfxrybzyrozw/Build/Intermediates.noindex/jizhang.build/Debug-iphonesimulator/jizhangWidgetExtension.build/jizhangWidgetExtension.appex-Simulated.xcent -Xlinker -sectcreate -Xlinker __TEXT -Xlinker __ents_der -Xlinker /Users/xuxiaolong/Library/Developer/Xcode/DerivedData/jizhang-cdlcjwijbopjohfhhfxrybzyrozw/Build/Intermediates.noindex/jizhang.build/Debug-iphonesimulator/jizhangWidgetExtension.build/jizhangWidgetExtension.appex-Simulated.xcent.der /Users/xuxiaolong/Library/Developer/Xcode/DerivedData/jizhang-cdlcjwijbopjohfhhfxrybzyrozw/Build/Products/Debug-iphonesimulator/jizhangWidgetExtension.appex/jizhangWidgetExtension.debug.dylib -Xlinker -no_adhoc_codesign -o /Users/xuxiaolong/Library/Developer/Xcode/DerivedData/jizhang-cdlcjwijbopjohfhhfxrybzyrozw/Build/Products/Debug-iphonesimulator/jizhangWidgetExtension.appex/jizhangWidgetExtension

ExtractAppIntentsMetadata (in target 'jizhangWidgetExtension' from project 'jizhang')
    cd /Users/xuxiaolong/OpenSource/jizhang_ios/jizhang
    /Applications/Xcode.app/Contents/Developer/Toolchains/XcodeDefault.xctoolchain/usr/bin/appintentsmetadataprocessor --toolchain-dir /Applications/Xcode.app/Contents/Developer/Toolchains/XcodeDefault.xctoolchain --module-name jizhangWidgetExtension --sdk-root /Applications/Xcode.app/Contents/Developer/Platforms/iPhoneSimulator.platform/Developer/SDKs/iPhoneSimulator26.0.sdk --xcode-version 17A400 --platform-family iOS --deployment-target 26.0 --bundle-identifier com.xxl.jizhang.jizhangWidget --output /Users/xuxiaolong/Library/Developer/Xcode/DerivedData/jizhang-cdlcjwijbopjohfhhfxrybzyrozw/Build/Products/Debug-iphonesimulator/jizhangWidgetExtension.appex --target-triple arm64-apple-ios26.0-simulator --binary-file /Users/xuxiaolong/Library/Developer/Xcode/DerivedData/jizhang-cdlcjwijbopjohfhhfxrybzyrozw/Build/Products/Debug-iphonesimulator/jizhangWidgetExtension.appex/jizhangWidgetExtension --dependency-file /Users/xuxiaolong/Library/Developer/Xcode/DerivedData/jizhang-cdlcjwijbopjohfhhfxrybzyrozw/Build/Intermediates.noindex/jizhang.build/Debug-iphonesimulator/jizhangWidgetExtension.build/Objects-normal/arm64/jizhangWidgetExtension_dependency_info.dat --stringsdata-file /Users/xuxiaolong/Library/Developer/Xcode/DerivedData/jizhang-cdlcjwijbopjohfhhfxrybzyrozw/Build/Intermediates.noindex/jizhang.build/Debug-iphonesimulator/jizhangWidgetExtension.build/Objects-normal/arm64/ExtractedAppShortcutsMetadata.stringsdata --source-file-list /Users/xuxiaolong/Library/Developer/Xcode/DerivedData/jizhang-cdlcjwijbopjohfhhfxrybzyrozw/Build/Intermediates.noindex/jizhang.build/Debug-iphonesimulator/jizhangWidgetExtension.build/Objects-normal/arm64/jizhangWidgetExtension.SwiftFileList --metadata-file-list /Users/xuxiaolong/Library/Developer/Xcode/DerivedData/jizhang-cdlcjwijbopjohfhhfxrybzyrozw/Build/Intermediates.noindex/jizhang.build/Debug-iphonesimulator/jizhangWidgetExtension.build/jizhangWidgetExtension.DependencyMetadataFileList --static-metadata-file-list /Users/xuxiaolong/Library/Developer/Xcode/DerivedData/jizhang-cdlcjwijbopjohfhhfxrybzyrozw/Build/Intermediates.noindex/jizhang.build/Debug-iphonesimulator/jizhangWidgetExtension.build/jizhangWidgetExtension.DependencyStaticMetadataFileList --swift-const-vals-list /Users/xuxiaolong/Library/Developer/Xcode/DerivedData/jizhang-cdlcjwijbopjohfhhfxrybzyrozw/Build/Intermediates.noindex/jizhang.build/Debug-iphonesimulator/jizhangWidgetExtension.build/Objects-normal/arm64/jizhangWidgetExtension.SwiftConstValuesFileList --compile-time-extraction --deployment-aware-processing --validate-assistant-intents --no-app-shortcuts-localization
2026-01-31 14:21:39.478 appintentsmetadataprocessor[13585:149165] Starting appintentsmetadataprocessor export
2026-01-31 14:21:39.563 appintentsmetadataprocessor[13585:149165] Writing Metadata.appintents
2026-01-31 14:21:39.563 appintentsmetadataprocessor[13585:149165] Metadata root: /Users/xuxiaolong/Library/Developer/Xcode/DerivedData/jizhang-cdlcjwijbopjohfhhfxrybzyrozw/Build/Products/Debug-iphonesimulator/jizhangWidgetExtension.appex/Metadata.appintents

CodeSign /Users/xuxiaolong/Library/Developer/Xcode/DerivedData/jizhang-cdlcjwijbopjohfhhfxrybzyrozw/Build/Products/Debug-iphonesimulator/jizhangWidgetExtension.appex/jizhangWidgetExtension.debug.dylib (in target 'jizhangWidgetExtension' from project 'jizhang')
    cd /Users/xuxiaolong/OpenSource/jizhang_ios/jizhang
    
    Signing Identity:     "Sign to Run Locally"
    
    /usr/bin/codesign --force --sign - --timestamp\=none --generate-entitlement-der /Users/xuxiaolong/Library/Developer/Xcode/DerivedData/jizhang-cdlcjwijbopjohfhhfxrybzyrozw/Build/Products/Debug-iphonesimulator/jizhangWidgetExtension.appex/jizhangWidgetExtension.debug.dylib

CodeSign /Users/xuxiaolong/Library/Developer/Xcode/DerivedData/jizhang-cdlcjwijbopjohfhhfxrybzyrozw/Build/Products/Debug-iphonesimulator/jizhangWidgetExtension.appex/__preview.dylib (in target 'jizhangWidgetExtension' from project 'jizhang')
    cd /Users/xuxiaolong/OpenSource/jizhang_ios/jizhang
    
    Signing Identity:     "Sign to Run Locally"
    
    /usr/bin/codesign --force --sign - --timestamp\=none --generate-entitlement-der /Users/xuxiaolong/Library/Developer/Xcode/DerivedData/jizhang-cdlcjwijbopjohfhhfxrybzyrozw/Build/Products/Debug-iphonesimulator/jizhangWidgetExtension.appex/__preview.dylib

CodeSign /Users/xuxiaolong/Library/Developer/Xcode/DerivedData/jizhang-cdlcjwijbopjohfhhfxrybzyrozw/Build/Products/Debug-iphonesimulator/jizhangWidgetExtension.appex (in target 'jizhangWidgetExtension' from project 'jizhang')
    cd /Users/xuxiaolong/OpenSource/jizhang_ios/jizhang
    
    Signing Identity:     "Sign to Run Locally"
    
    /usr/bin/codesign --force --sign - --entitlements /Users/xuxiaolong/Library/Developer/Xcode/DerivedData/jizhang-cdlcjwijbopjohfhhfxrybzyrozw/Build/Intermediates.noindex/jizhang.build/Debug-iphonesimulator/jizhangWidgetExtension.build/jizhangWidgetExtension.appex.xcent --timestamp\=none --generate-entitlement-der /Users/xuxiaolong/Library/Developer/Xcode/DerivedData/jizhang-cdlcjwijbopjohfhhfxrybzyrozw/Build/Products/Debug-iphonesimulator/jizhangWidgetExtension.appex

Ld /Users/xuxiaolong/Library/Developer/Xcode/DerivedData/jizhang-cdlcjwijbopjohfhhfxrybzyrozw/Build/Products/Debug-iphonesimulator/jizhang.app/__preview.dylib normal (in target 'jizhang' from project 'jizhang')
    cd /Users/xuxiaolong/OpenSource/jizhang_ios/jizhang
    /Applications/Xcode.app/Contents/Developer/Toolchains/XcodeDefault.xctoolchain/usr/bin/clang -Xlinker -reproducible -target arm64-apple-ios17.6-simulator -dynamiclib -isysroot /Applications/Xcode.app/Contents/Developer/Platforms/iPhoneSimulator.platform/Developer/SDKs/iPhoneSimulator26.0.sdk -O0 -L/Users/xuxiaolong/Library/Developer/Xcode/DerivedData/jizhang-cdlcjwijbopjohfhhfxrybzyrozw/Build/Products/Debug-iphonesimulator -F/Users/xuxiaolong/Library/Developer/Xcode/DerivedData/jizhang-cdlcjwijbopjohfhhfxrybzyrozw/Build/Products/Debug-iphonesimulator -install_name @rpath/jizhang.debug.dylib -dead_strip -rdynamic -Xlinker -no_deduplicate -Xlinker -objc_abi_version -Xlinker 2 -Xlinker -dependency_info -Xlinker /Users/xuxiaolong/Library/Developer/Xcode/DerivedData/jizhang-cdlcjwijbopjohfhhfxrybzyrozw/Build/Intermediates.noindex/jizhang.build/Debug-iphonesimulator/jizhang.build/Objects-normal/arm64/jizhang_dependency_info.dat -Xlinker -sectcreate -Xlinker __TEXT -Xlinker __entitlements -Xlinker /Users/xuxiaolong/Library/Developer/Xcode/DerivedData/jizhang-cdlcjwijbopjohfhhfxrybzyrozw/Build/Intermediates.noindex/jizhang.build/Debug-iphonesimulator/jizhang.build/jizhang.app-Simulated.xcent -Xlinker -sectcreate -Xlinker __TEXT -Xlinker __ents_der -Xlinker /Users/xuxiaolong/Library/Developer/Xcode/DerivedData/jizhang-cdlcjwijbopjohfhhfxrybzyrozw/Build/Intermediates.noindex/jizhang.build/Debug-iphonesimulator/jizhang.build/jizhang.app-Simulated.xcent.der -Xlinker -no_adhoc_codesign -o /Users/xuxiaolong/Library/Developer/Xcode/DerivedData/jizhang-cdlcjwijbopjohfhhfxrybzyrozw/Build/Products/Debug-iphonesimulator/jizhang.app/__preview.dylib

Ld /Users/xuxiaolong/Library/Developer/Xcode/DerivedData/jizhang-cdlcjwijbopjohfhhfxrybzyrozw/Build/Products/Debug-iphonesimulator/jizhang.app/jizhang.debug.dylib normal (in target 'jizhang' from project 'jizhang')
    cd /Users/xuxiaolong/OpenSource/jizhang_ios/jizhang
    /Applications/Xcode.app/Contents/Developer/Toolchains/XcodeDefault.xctoolchain/usr/bin/clang -Xlinker -reproducible -target arm64-apple-ios17.6-simulator -dynamiclib -isysroot /Applications/Xcode.app/Contents/Developer/Platforms/iPhoneSimulator.platform/Developer/SDKs/iPhoneSimulator26.0.sdk -O0 -L/Users/xuxiaolong/Library/Developer/Xcode/DerivedData/jizhang-cdlcjwijbopjohfhhfxrybzyrozw/Build/Intermediates.noindex/EagerLinkingTBDs/Debug-iphonesimulator -L/Users/xuxiaolong/Library/Developer/Xcode/DerivedData/jizhang-cdlcjwijbopjohfhhfxrybzyrozw/Build/Products/Debug-iphonesimulator -F/Users/xuxiaolong/Library/Developer/Xcode/DerivedData/jizhang-cdlcjwijbopjohfhhfxrybzyrozw/Build/Intermediates.noindex/EagerLinkingTBDs/Debug-iphonesimulator -F/Users/xuxiaolong/Library/Developer/Xcode/DerivedData/jizhang-cdlcjwijbopjohfhhfxrybzyrozw/Build/Products/Debug-iphonesimulator -filelist /Users/xuxiaolong/Library/Developer/Xcode/DerivedData/jizhang-cdlcjwijbopjohfhhfxrybzyrozw/Build/Intermediates.noindex/jizhang.build/Debug-iphonesimulator/jizhang.build/Objects-normal/arm64/jizhang.LinkFileList -install_name @rpath/jizhang.debug.dylib -Xlinker -rpath -Xlinker /usr/lib/swift -Xlinker -rpath -Xlinker @executable_path/Frameworks -dead_strip -Xlinker -object_path_lto -Xlinker /Users/xuxiaolong/Library/Developer/Xcode/DerivedData/jizhang-cdlcjwijbopjohfhhfxrybzyrozw/Build/Intermediates.noindex/jizhang.build/Debug-iphonesimulator/jizhang.build/Objects-normal/arm64/jizhang_lto.o -rdynamic -Xlinker -no_deduplicate -Xlinker -objc_abi_version -Xlinker 2 -Xlinker -dependency_info -Xlinker /Users/xuxiaolong/Library/Developer/Xcode/DerivedData/jizhang-cdlcjwijbopjohfhhfxrybzyrozw/Build/Intermediates.noindex/jizhang.build/Debug-iphonesimulator/jizhang.build/Objects-normal/arm64/jizhang_dependency_info.dat -fobjc-link-runtime -L/Applications/Xcode.app/Contents/Developer/Toolchains/XcodeDefault.xctoolchain/usr/lib/swift/iphonesimulator -L/usr/lib/swift -Xlinker -add_ast_path -Xlinker /Users/xuxiaolong/Library/Developer/Xcode/DerivedData/jizhang-cdlcjwijbopjohfhhfxrybzyrozw/Build/Intermediates.noindex/jizhang.build/Debug-iphonesimulator/jizhang.build/Objects-normal/arm64/jizhang.swiftmodule @/Users/xuxiaolong/Library/Developer/Xcode/DerivedData/jizhang-cdlcjwijbopjohfhhfxrybzyrozw/Build/Intermediates.noindex/jizhang.build/Debug-iphonesimulator/jizhang.build/Objects-normal/arm64/jizhang-linker-args.resp -Xlinker -alias -Xlinker _main -Xlinker ___debug_main_executable_dylib_entry_point -Xlinker -no_adhoc_codesign -o /Users/xuxiaolong/Library/Developer/Xcode/DerivedData/jizhang-cdlcjwijbopjohfhhfxrybzyrozw/Build/Products/Debug-iphonesimulator/jizhang.app/jizhang.debug.dylib

ConstructStubExecutorLinkFileList /Users/xuxiaolong/Library/Developer/Xcode/DerivedData/jizhang-cdlcjwijbopjohfhhfxrybzyrozw/Build/Intermediates.noindex/jizhang.build/Debug-iphonesimulator/jizhang.build/jizhang-ExecutorLinkFileList-normal-arm64.txt (in target 'jizhang' from project 'jizhang')
    cd /Users/xuxiaolong/OpenSource/jizhang_ios/jizhang
    construct-stub-executor-link-file-list /Users/xuxiaolong/Library/Developer/Xcode/DerivedData/jizhang-cdlcjwijbopjohfhhfxrybzyrozw/Build/Products/Debug-iphonesimulator/jizhang.app/jizhang.debug.dylib /Applications/Xcode.app/Contents/Developer/Platforms/iPhoneSimulator.platform/Developer/usr/lib/libPreviewsJITStubExecutor_no_swift_entry_point.a /Applications/Xcode.app/Contents/Developer/Platforms/iPhoneSimulator.platform/Developer/usr/lib/libPreviewsJITStubExecutor.a --output /Users/xuxiaolong/Library/Developer/Xcode/DerivedData/jizhang-cdlcjwijbopjohfhhfxrybzyrozw/Build/Intermediates.noindex/jizhang.build/Debug-iphonesimulator/jizhang.build/jizhang-ExecutorLinkFileList-normal-arm64.txt
note: Using stub executor library with Swift entry point. (in target 'jizhang' from project 'jizhang')

Ld /Users/xuxiaolong/Library/Developer/Xcode/DerivedData/jizhang-cdlcjwijbopjohfhhfxrybzyrozw/Build/Products/Debug-iphonesimulator/jizhang.app/jizhang normal (in target 'jizhang' from project 'jizhang')
    cd /Users/xuxiaolong/OpenSource/jizhang_ios/jizhang
    /Applications/Xcode.app/Contents/Developer/Toolchains/XcodeDefault.xctoolchain/usr/bin/clang -Xlinker -reproducible -target arm64-apple-ios17.6-simulator -isysroot /Applications/Xcode.app/Contents/Developer/Platforms/iPhoneSimulator.platform/Developer/SDKs/iPhoneSimulator26.0.sdk -O0 -L/Users/xuxiaolong/Library/Developer/Xcode/DerivedData/jizhang-cdlcjwijbopjohfhhfxrybzyrozw/Build/Products/Debug-iphonesimulator -F/Users/xuxiaolong/Library/Developer/Xcode/DerivedData/jizhang-cdlcjwijbopjohfhhfxrybzyrozw/Build/Products/Debug-iphonesimulator -Xlinker -rpath -Xlinker @executable_path -Xlinker -rpath -Xlinker @executable_path/Frameworks -rdynamic -Xlinker -no_deduplicate -Xlinker -objc_abi_version -Xlinker 2 -e ___debug_blank_executor_main -Xlinker -sectcreate -Xlinker __TEXT -Xlinker __debug_dylib -Xlinker /Users/xuxiaolong/Library/Developer/Xcode/DerivedData/jizhang-cdlcjwijbopjohfhhfxrybzyrozw/Build/Intermediates.noindex/jizhang.build/Debug-iphonesimulator/jizhang.build/jizhang-DebugDylibPath-normal-arm64.txt -Xlinker -sectcreate -Xlinker __TEXT -Xlinker __debug_instlnm -Xlinker /Users/xuxiaolong/Library/Developer/Xcode/DerivedData/jizhang-cdlcjwijbopjohfhhfxrybzyrozw/Build/Intermediates.noindex/jizhang.build/Debug-iphonesimulator/jizhang.build/jizhang-DebugDylibInstallName-normal-arm64.txt -Xlinker -filelist -Xlinker /Users/xuxiaolong/Library/Developer/Xcode/DerivedData/jizhang-cdlcjwijbopjohfhhfxrybzyrozw/Build/Intermediates.noindex/jizhang.build/Debug-iphonesimulator/jizhang.build/jizhang-ExecutorLinkFileList-normal-arm64.txt -Xlinker -sectcreate -Xlinker __TEXT -Xlinker __entitlements -Xlinker /Users/xuxiaolong/Library/Developer/Xcode/DerivedData/jizhang-cdlcjwijbopjohfhhfxrybzyrozw/Build/Intermediates.noindex/jizhang.build/Debug-iphonesimulator/jizhang.build/jizhang.app-Simulated.xcent -Xlinker -sectcreate -Xlinker __TEXT -Xlinker __ents_der -Xlinker /Users/xuxiaolong/Library/Developer/Xcode/DerivedData/jizhang-cdlcjwijbopjohfhhfxrybzyrozw/Build/Intermediates.noindex/jizhang.build/Debug-iphonesimulator/jizhang.build/jizhang.app-Simulated.xcent.der /Users/xuxiaolong/Library/Developer/Xcode/DerivedData/jizhang-cdlcjwijbopjohfhhfxrybzyrozw/Build/Products/Debug-iphonesimulator/jizhang.app/jizhang.debug.dylib -Xlinker -no_adhoc_codesign -o /Users/xuxiaolong/Library/Developer/Xcode/DerivedData/jizhang-cdlcjwijbopjohfhhfxrybzyrozw/Build/Products/Debug-iphonesimulator/jizhang.app/jizhang

LinkAssetCatalog /Users/xuxiaolong/OpenSource/jizhang_ios/jizhang/jizhang/Assets.xcassets (in target 'jizhang' from project 'jizhang')
    cd /Users/xuxiaolong/OpenSource/jizhang_ios/jizhang
    builtin-linkAssetCatalog --thinned /Users/xuxiaolong/Library/Developer/Xcode/DerivedData/jizhang-cdlcjwijbopjohfhhfxrybzyrozw/Build/Intermediates.noindex/jizhang.build/Debug-iphonesimulator/jizhang.build/assetcatalog_output/thinned --thinned-dependencies /Users/xuxiaolong/Library/Developer/Xcode/DerivedData/jizhang-cdlcjwijbopjohfhhfxrybzyrozw/Build/Intermediates.noindex/jizhang.build/Debug-iphonesimulator/jizhang.build/assetcatalog_dependencies_thinned --thinned-info-plist-content /Users/xuxiaolong/Library/Developer/Xcode/DerivedData/jizhang-cdlcjwijbopjohfhhfxrybzyrozw/Build/Intermediates.noindex/jizhang.build/Debug-iphonesimulator/jizhang.build/assetcatalog_generated_info.plist_thinned --unthinned /Users/xuxiaolong/Library/Developer/Xcode/DerivedData/jizhang-cdlcjwijbopjohfhhfxrybzyrozw/Build/Intermediates.noindex/jizhang.build/Debug-iphonesimulator/jizhang.build/assetcatalog_output/unthinned --unthinned-dependencies /Users/xuxiaolong/Library/Developer/Xcode/DerivedData/jizhang-cdlcjwijbopjohfhhfxrybzyrozw/Build/Intermediates.noindex/jizhang.build/Debug-iphonesimulator/jizhang.build/assetcatalog_dependencies_unthinned --unthinned-info-plist-content /Users/xuxiaolong/Library/Developer/Xcode/DerivedData/jizhang-cdlcjwijbopjohfhhfxrybzyrozw/Build/Intermediates.noindex/jizhang.build/Debug-iphonesimulator/jizhang.build/assetcatalog_generated_info.plist_unthinned --output /Users/xuxiaolong/Library/Developer/Xcode/DerivedData/jizhang-cdlcjwijbopjohfhhfxrybzyrozw/Build/Products/Debug-iphonesimulator/jizhang.app --plist-output /Users/xuxiaolong/Library/Developer/Xcode/DerivedData/jizhang-cdlcjwijbopjohfhhfxrybzyrozw/Build/Intermediates.noindex/jizhang.build/Debug-iphonesimulator/jizhang.build/assetcatalog_generated_info.plist
note: Emplaced /Users/xuxiaolong/Library/Developer/Xcode/DerivedData/jizhang-cdlcjwijbopjohfhhfxrybzyrozw/Build/Products/Debug-iphonesimulator/jizhang.app/AppIcon60x60@2x.png (in target 'jizhang' from project 'jizhang')
note: Emplaced /Users/xuxiaolong/Library/Developer/Xcode/DerivedData/jizhang-cdlcjwijbopjohfhhfxrybzyrozw/Build/Products/Debug-iphonesimulator/jizhang.app/AppIcon76x76@2x~ipad.png (in target 'jizhang' from project 'jizhang')
note: Emplaced /Users/xuxiaolong/Library/Developer/Xcode/DerivedData/jizhang-cdlcjwijbopjohfhhfxrybzyrozw/Build/Products/Debug-iphonesimulator/jizhang.app/Assets.car (in target 'jizhang' from project 'jizhang')

Copy /Users/xuxiaolong/Library/Developer/Xcode/DerivedData/jizhang-cdlcjwijbopjohfhhfxrybzyrozw/Build/Products/Debug-iphonesimulator/jizhang.app/PlugIns/jizhangWidgetExtension.appex /Users/xuxiaolong/Library/Developer/Xcode/DerivedData/jizhang-cdlcjwijbopjohfhhfxrybzyrozw/Build/Products/Debug-iphonesimulator/jizhangWidgetExtension.appex (in target 'jizhang' from project 'jizhang')
    cd /Users/xuxiaolong/OpenSource/jizhang_ios/jizhang
    builtin-copy -exclude .DS_Store -exclude CVS -exclude .svn -exclude .git -exclude .hg -exclude Headers -exclude PrivateHeaders -exclude Modules -exclude \*.tbd -resolve-src-symlinks -remove-static-executable /Users/xuxiaolong/Library/Developer/Xcode/DerivedData/jizhang-cdlcjwijbopjohfhhfxrybzyrozw/Build/Products/Debug-iphonesimulator/jizhangWidgetExtension.appex /Users/xuxiaolong/Library/Developer/Xcode/DerivedData/jizhang-cdlcjwijbopjohfhhfxrybzyrozw/Build/Products/Debug-iphonesimulator/jizhang.app/PlugIns

ExtractAppIntentsMetadata (in target 'jizhang' from project 'jizhang')
    cd /Users/xuxiaolong/OpenSource/jizhang_ios/jizhang
    /Applications/Xcode.app/Contents/Developer/Toolchains/XcodeDefault.xctoolchain/usr/bin/appintentsmetadataprocessor --toolchain-dir /Applications/Xcode.app/Contents/Developer/Toolchains/XcodeDefault.xctoolchain --module-name jizhang --sdk-root /Applications/Xcode.app/Contents/Developer/Platforms/iPhoneSimulator.platform/Developer/SDKs/iPhoneSimulator26.0.sdk --xcode-version 17A400 --platform-family iOS --deployment-target 17.6 --bundle-identifier com.xxl.jizhang --output /Users/xuxiaolong/Library/Developer/Xcode/DerivedData/jizhang-cdlcjwijbopjohfhhfxrybzyrozw/Build/Products/Debug-iphonesimulator/jizhang.app --target-triple arm64-apple-ios17.6-simulator --binary-file /Users/xuxiaolong/Library/Developer/Xcode/DerivedData/jizhang-cdlcjwijbopjohfhhfxrybzyrozw/Build/Products/Debug-iphonesimulator/jizhang.app/jizhang --dependency-file /Users/xuxiaolong/Library/Developer/Xcode/DerivedData/jizhang-cdlcjwijbopjohfhhfxrybzyrozw/Build/Intermediates.noindex/jizhang.build/Debug-iphonesimulator/jizhang.build/Objects-normal/arm64/jizhang_dependency_info.dat --stringsdata-file /Users/xuxiaolong/Library/Developer/Xcode/DerivedData/jizhang-cdlcjwijbopjohfhhfxrybzyrozw/Build/Intermediates.noindex/jizhang.build/Debug-iphonesimulator/jizhang.build/Objects-normal/arm64/ExtractedAppShortcutsMetadata.stringsdata --source-file-list /Users/xuxiaolong/Library/Developer/Xcode/DerivedData/jizhang-cdlcjwijbopjohfhhfxrybzyrozw/Build/Intermediates.noindex/jizhang.build/Debug-iphonesimulator/jizhang.build/Objects-normal/arm64/jizhang.SwiftFileList --metadata-file-list /Users/xuxiaolong/Library/Developer/Xcode/DerivedData/jizhang-cdlcjwijbopjohfhhfxrybzyrozw/Build/Intermediates.noindex/jizhang.build/Debug-iphonesimulator/jizhang.build/jizhang.DependencyMetadataFileList --static-metadata-file-list /Users/xuxiaolong/Library/Developer/Xcode/DerivedData/jizhang-cdlcjwijbopjohfhhfxrybzyrozw/Build/Intermediates.noindex/jizhang.build/Debug-iphonesimulator/jizhang.build/jizhang.DependencyStaticMetadataFileList --swift-const-vals-list /Users/xuxiaolong/Library/Developer/Xcode/DerivedData/jizhang-cdlcjwijbopjohfhhfxrybzyrozw/Build/Intermediates.noindex/jizhang.build/Debug-iphonesimulator/jizhang.build/Objects-normal/arm64/jizhang.SwiftConstValuesFileList --compile-time-extraction --deployment-aware-processing --validate-assistant-intents --no-app-shortcuts-localization
2026-01-31 14:21:40.074 appintentsmetadataprocessor[13595:149236] Starting appintentsmetadataprocessor export
2026-01-31 14:21:40.213 appintentsmetadataprocessor[13595:149236] Writing Metadata.appintents
2026-01-31 14:21:40.213 appintentsmetadataprocessor[13595:149236] Metadata root: /Users/xuxiaolong/Library/Developer/Xcode/DerivedData/jizhang-cdlcjwijbopjohfhhfxrybzyrozw/Build/Products/Debug-iphonesimulator/jizhang.app/Metadata.appintents

ProcessInfoPlistFile /Users/xuxiaolong/Library/Developer/Xcode/DerivedData/jizhang-cdlcjwijbopjohfhhfxrybzyrozw/Build/Products/Debug-iphonesimulator/jizhang.app/Info.plist /Users/xuxiaolong/OpenSource/jizhang_ios/jizhang/jizhang/Info.plist (in target 'jizhang' from project 'jizhang')
    cd /Users/xuxiaolong/OpenSource/jizhang_ios/jizhang
    builtin-infoPlistUtility /Users/xuxiaolong/OpenSource/jizhang_ios/jizhang/jizhang/Info.plist -producttype com.apple.product-type.application -genpkginfo /Users/xuxiaolong/Library/Developer/Xcode/DerivedData/jizhang-cdlcjwijbopjohfhhfxrybzyrozw/Build/Products/Debug-iphonesimulator/jizhang.app/PkgInfo -expandbuildsettings -format binary -platform iphonesimulator -additionalcontentfile /Users/xuxiaolong/Library/Developer/Xcode/DerivedData/jizhang-cdlcjwijbopjohfhhfxrybzyrozw/Build/Intermediates.noindex/jizhang.build/Debug-iphonesimulator/jizhang.build/assetcatalog_generated_info.plist -scanforprivacyfile /Users/xuxiaolong/Library/Developer/Xcode/DerivedData/jizhang-cdlcjwijbopjohfhhfxrybzyrozw/Build/Products/Debug-iphonesimulator/jizhang.app/PlugIns/jizhangWidgetExtension.appex -o /Users/xuxiaolong/Library/Developer/Xcode/DerivedData/jizhang-cdlcjwijbopjohfhhfxrybzyrozw/Build/Products/Debug-iphonesimulator/jizhang.app/Info.plist
warning: The application supports opening files, but doesn't declare whether it supports opening them in place. You can add an LSSupportsOpeningDocumentsInPlace entry or an UISupportsDocumentBrowser entry to your Info.plist to declare support. (in target 'jizhang' from project 'jizhang')

CopySwiftLibs /Users/xuxiaolong/Library/Developer/Xcode/DerivedData/jizhang-cdlcjwijbopjohfhhfxrybzyrozw/Build/Products/Debug-iphonesimulator/jizhang.app (in target 'jizhang' from project 'jizhang')
    cd /Users/xuxiaolong/OpenSource/jizhang_ios/jizhang
    builtin-swiftStdLibTool --copy --verbose --sign - --scan-executable /Users/xuxiaolong/Library/Developer/Xcode/DerivedData/jizhang-cdlcjwijbopjohfhhfxrybzyrozw/Build/Products/Debug-iphonesimulator/jizhang.app/jizhang.debug.dylib --scan-folder /Users/xuxiaolong/Library/Developer/Xcode/DerivedData/jizhang-cdlcjwijbopjohfhhfxrybzyrozw/Build/Products/Debug-iphonesimulator/jizhang.app/Frameworks --scan-folder /Users/xuxiaolong/Library/Developer/Xcode/DerivedData/jizhang-cdlcjwijbopjohfhhfxrybzyrozw/Build/Products/Debug-iphonesimulator/jizhang.app/PlugIns --scan-folder /Users/xuxiaolong/Library/Developer/Xcode/DerivedData/jizhang-cdlcjwijbopjohfhhfxrybzyrozw/Build/Products/Debug-iphonesimulator/jizhang.app/SystemExtensions --scan-folder /Users/xuxiaolong/Library/Developer/Xcode/DerivedData/jizhang-cdlcjwijbopjohfhhfxrybzyrozw/Build/Products/Debug-iphonesimulator/jizhang.app/Extensions --platform iphonesimulator --toolchain /Applications/Xcode.app/Contents/Developer/Toolchains/XcodeDefault.xctoolchain --destination /Users/xuxiaolong/Library/Developer/Xcode/DerivedData/jizhang-cdlcjwijbopjohfhhfxrybzyrozw/Build/Products/Debug-iphonesimulator/jizhang.app/Frameworks --strip-bitcode --strip-bitcode-tool /Applications/Xcode.app/Contents/Developer/Toolchains/XcodeDefault.xctoolchain/usr/bin/bitcode_strip --emit-dependency-info /Users/xuxiaolong/Library/Developer/Xcode/DerivedData/jizhang-cdlcjwijbopjohfhhfxrybzyrozw/Build/Intermediates.noindex/jizhang.build/Debug-iphonesimulator/jizhang.build/SwiftStdLibToolInputDependencies.dep --filter-for-swift-os

ProcessInfoPlistFile /Users/xuxiaolong/Library/Developer/Xcode/DerivedData/jizhang-cdlcjwijbopjohfhhfxrybzyrozw/Build/Products/Debug-iphonesimulator/jizhang.app/PlugIns/jizhangTests.xctest/Info.plist /Users/xuxiaolong/Library/Developer/Xcode/DerivedData/jizhang-cdlcjwijbopjohfhhfxrybzyrozw/Build/Intermediates.noindex/jizhang.build/Debug-iphonesimulator/jizhangTests.build/empty-jizhangTests.plist (in target 'jizhangTests' from project 'jizhang')
    cd /Users/xuxiaolong/OpenSource/jizhang_ios/jizhang
    builtin-infoPlistUtility /Users/xuxiaolong/Library/Developer/Xcode/DerivedData/jizhang-cdlcjwijbopjohfhhfxrybzyrozw/Build/Intermediates.noindex/jizhang.build/Debug-iphonesimulator/jizhangTests.build/empty-jizhangTests.plist -producttype com.apple.product-type.bundle.unit-test -expandbuildsettings -format binary -platform iphonesimulator -o /Users/xuxiaolong/Library/Developer/Xcode/DerivedData/jizhang-cdlcjwijbopjohfhhfxrybzyrozw/Build/Products/Debug-iphonesimulator/jizhang.app/PlugIns/jizhangTests.xctest/Info.plist

Ld /Users/xuxiaolong/Library/Developer/Xcode/DerivedData/jizhang-cdlcjwijbopjohfhhfxrybzyrozw/Build/Products/Debug-iphonesimulator/jizhang.app/PlugIns/jizhangTests.xctest/jizhangTests normal (in target 'jizhangTests' from project 'jizhang')
    cd /Users/xuxiaolong/OpenSource/jizhang_ios/jizhang
    /Applications/Xcode.app/Contents/Developer/Toolchains/XcodeDefault.xctoolchain/usr/bin/clang -Xlinker -reproducible -target arm64-apple-ios26.0-simulator -bundle -isysroot /Applications/Xcode.app/Contents/Developer/Platforms/iPhoneSimulator.platform/Developer/SDKs/iPhoneSimulator26.0.sdk -O0 -L/Users/xuxiaolong/Library/Developer/Xcode/DerivedData/jizhang-cdlcjwijbopjohfhhfxrybzyrozw/Build/Intermediates.noindex/EagerLinkingTBDs/Debug-iphonesimulator -L/Users/xuxiaolong/Library/Developer/Xcode/DerivedData/jizhang-cdlcjwijbopjohfhhfxrybzyrozw/Build/Products/Debug-iphonesimulator -L/Applications/Xcode.app/Contents/Developer/Platforms/iPhoneSimulator.platform/Developer/usr/lib -F/Users/xuxiaolong/Library/Developer/Xcode/DerivedData/jizhang-cdlcjwijbopjohfhhfxrybzyrozw/Build/Intermediates.noindex/EagerLinkingTBDs/Debug-iphonesimulator -F/Users/xuxiaolong/Library/Developer/Xcode/DerivedData/jizhang-cdlcjwijbopjohfhhfxrybzyrozw/Build/Products/Debug-iphonesimulator -iframework /Applications/Xcode.app/Contents/Developer/Platforms/iPhoneSimulator.platform/Developer/Library/Frameworks -iframework /Applications/Xcode.app/Contents/Developer/Platforms/iPhoneSimulator.platform/Developer/SDKs/iPhoneSimulator26.0.sdk/Developer/Library/Frameworks -filelist /Users/xuxiaolong/Library/Developer/Xcode/DerivedData/jizhang-cdlcjwijbopjohfhhfxrybzyrozw/Build/Intermediates.noindex/jizhang.build/Debug-iphonesimulator/jizhangTests.build/Objects-normal/arm64/jizhangTests.LinkFileList -Xlinker -rpath -Xlinker @loader_path/Frameworks -Xlinker -rpath -Xlinker @executable_path/Frameworks -dead_strip -bundle_loader /Users/xuxiaolong/Library/Developer/Xcode/DerivedData/jizhang-cdlcjwijbopjohfhhfxrybzyrozw/Build/Products/Debug-iphonesimulator/jizhang.app/jizhang -Xlinker -object_path_lto -Xlinker /Users/xuxiaolong/Library/Developer/Xcode/DerivedData/jizhang-cdlcjwijbopjohfhhfxrybzyrozw/Build/Intermediates.noindex/jizhang.build/Debug-iphonesimulator/jizhangTests.build/Objects-normal/arm64/jizhangTests_lto.o -rdynamic -Xlinker -no_deduplicate -Xlinker -objc_abi_version -Xlinker 2 -Xlinker -dependency_info -Xlinker /Users/xuxiaolong/Library/Developer/Xcode/DerivedData/jizhang-cdlcjwijbopjohfhhfxrybzyrozw/Build/Intermediates.noindex/jizhang.build/Debug-iphonesimulator/jizhangTests.build/Objects-normal/arm64/jizhangTests_dependency_info.dat -fobjc-link-runtime -L/Applications/Xcode.app/Contents/Developer/Toolchains/XcodeDefault.xctoolchain/usr/lib/swift/iphonesimulator -L/usr/lib/swift -Xlinker -add_ast_path -Xlinker /Users/xuxiaolong/Library/Developer/Xcode/DerivedData/jizhang-cdlcjwijbopjohfhhfxrybzyrozw/Build/Intermediates.noindex/jizhang.build/Debug-iphonesimulator/jizhangTests.build/Objects-normal/arm64/jizhangTests.swiftmodule @/Users/xuxiaolong/Library/Developer/Xcode/DerivedData/jizhang-cdlcjwijbopjohfhhfxrybzyrozw/Build/Intermediates.noindex/jizhang.build/Debug-iphonesimulator/jizhangTests.build/Objects-normal/arm64/jizhangTests-linker-args.resp -Xlinker -needed_framework -Xlinker XCTest -framework XCTest -Xlinker -needed-lXCTestSwiftSupport -lXCTestSwiftSupport /Users/xuxiaolong/Library/Developer/Xcode/DerivedData/jizhang-cdlcjwijbopjohfhhfxrybzyrozw/Build/Products/Debug-iphonesimulator/jizhang.app/jizhang.debug.dylib -Xlinker -no_adhoc_codesign -o /Users/xuxiaolong/Library/Developer/Xcode/DerivedData/jizhang-cdlcjwijbopjohfhhfxrybzyrozw/Build/Products/Debug-iphonesimulator/jizhang.app/PlugIns/jizhangTests.xctest/jizhangTests

CopySwiftLibs /Users/xuxiaolong/Library/Developer/Xcode/DerivedData/jizhang-cdlcjwijbopjohfhhfxrybzyrozw/Build/Products/Debug-iphonesimulator/jizhang.app/PlugIns/jizhangTests.xctest (in target 'jizhangTests' from project 'jizhang')
    cd /Users/xuxiaolong/OpenSource/jizhang_ios/jizhang
    builtin-swiftStdLibTool --copy --verbose --sign - --scan-executable /Users/xuxiaolong/Library/Developer/Xcode/DerivedData/jizhang-cdlcjwijbopjohfhhfxrybzyrozw/Build/Products/Debug-iphonesimulator/jizhang.app/PlugIns/jizhangTests.xctest/jizhangTests --scan-folder /Users/xuxiaolong/Library/Developer/Xcode/DerivedData/jizhang-cdlcjwijbopjohfhhfxrybzyrozw/Build/Products/Debug-iphonesimulator/jizhang.app/PlugIns/jizhangTests.xctest/Frameworks --scan-folder /Users/xuxiaolong/Library/Developer/Xcode/DerivedData/jizhang-cdlcjwijbopjohfhhfxrybzyrozw/Build/Products/Debug-iphonesimulator/jizhang.app/PlugIns/jizhangTests.xctest/PlugIns --scan-folder /Users/xuxiaolong/Library/Developer/Xcode/DerivedData/jizhang-cdlcjwijbopjohfhhfxrybzyrozw/Build/Products/Debug-iphonesimulator/jizhang.app/PlugIns/jizhangTests.xctest/SystemExtensions --scan-folder /Users/xuxiaolong/Library/Developer/Xcode/DerivedData/jizhang-cdlcjwijbopjohfhhfxrybzyrozw/Build/Products/Debug-iphonesimulator/jizhang.app/PlugIns/jizhangTests.xctest/Extensions --platform iphonesimulator --toolchain /Applications/Xcode.app/Contents/Developer/Toolchains/XcodeDefault.xctoolchain --destination /Users/xuxiaolong/Library/Developer/Xcode/DerivedData/jizhang-cdlcjwijbopjohfhhfxrybzyrozw/Build/Products/Debug-iphonesimulator/jizhang.app/PlugIns/jizhangTests.xctest/Frameworks --strip-bitcode --scan-executable /Applications/Xcode.app/Contents/Developer/Platforms/iPhoneSimulator.platform/Developer/usr/lib/libXCTestSwiftSupport.dylib --strip-bitcode-tool /Applications/Xcode.app/Contents/Developer/Toolchains/XcodeDefault.xctoolchain/usr/bin/bitcode_strip --emit-dependency-info /Users/xuxiaolong/Library/Developer/Xcode/DerivedData/jizhang-cdlcjwijbopjohfhhfxrybzyrozw/Build/Intermediates.noindex/jizhang.build/Debug-iphonesimulator/jizhangTests.build/SwiftStdLibToolInputDependencies.dep --filter-for-swift-os

ExtractAppIntentsMetadata (in target 'jizhangTests' from project 'jizhang')
    cd /Users/xuxiaolong/OpenSource/jizhang_ios/jizhang
    /Applications/Xcode.app/Contents/Developer/Toolchains/XcodeDefault.xctoolchain/usr/bin/appintentsmetadataprocessor --toolchain-dir /Applications/Xcode.app/Contents/Developer/Toolchains/XcodeDefault.xctoolchain --module-name jizhangTests --sdk-root /Applications/Xcode.app/Contents/Developer/Platforms/iPhoneSimulator.platform/Developer/SDKs/iPhoneSimulator26.0.sdk --xcode-version 17A400 --platform-family iOS --deployment-target 26.0 --bundle-identifier com.xxl.jizhangTests --output /Users/xuxiaolong/Library/Developer/Xcode/DerivedData/jizhang-cdlcjwijbopjohfhhfxrybzyrozw/Build/Products/Debug-iphonesimulator/jizhang.app/PlugIns/jizhangTests.xctest --target-triple arm64-apple-ios26.0-simulator --binary-file /Users/xuxiaolong/Library/Developer/Xcode/DerivedData/jizhang-cdlcjwijbopjohfhhfxrybzyrozw/Build/Products/Debug-iphonesimulator/jizhang.app/PlugIns/jizhangTests.xctest/jizhangTests --dependency-file /Users/xuxiaolong/Library/Developer/Xcode/DerivedData/jizhang-cdlcjwijbopjohfhhfxrybzyrozw/Build/Intermediates.noindex/jizhang.build/Debug-iphonesimulator/jizhangTests.build/Objects-normal/arm64/jizhangTests_dependency_info.dat --stringsdata-file /Users/xuxiaolong/Library/Developer/Xcode/DerivedData/jizhang-cdlcjwijbopjohfhhfxrybzyrozw/Build/Intermediates.noindex/jizhang.build/Debug-iphonesimulator/jizhangTests.build/Objects-normal/arm64/ExtractedAppShortcutsMetadata.stringsdata --source-file-list /Users/xuxiaolong/Library/Developer/Xcode/DerivedData/jizhang-cdlcjwijbopjohfhhfxrybzyrozw/Build/Intermediates.noindex/jizhang.build/Debug-iphonesimulator/jizhangTests.build/Objects-normal/arm64/jizhangTests.SwiftFileList --metadata-file-list /Users/xuxiaolong/Library/Developer/Xcode/DerivedData/jizhang-cdlcjwijbopjohfhhfxrybzyrozw/Build/Intermediates.noindex/jizhang.build/Debug-iphonesimulator/jizhangTests.build/jizhangTests.DependencyMetadataFileList --static-metadata-file-list /Users/xuxiaolong/Library/Developer/Xcode/DerivedData/jizhang-cdlcjwijbopjohfhhfxrybzyrozw/Build/Intermediates.noindex/jizhang.build/Debug-iphonesimulator/jizhangTests.build/jizhangTests.DependencyStaticMetadataFileList --swift-const-vals-list /Users/xuxiaolong/Library/Developer/Xcode/DerivedData/jizhang-cdlcjwijbopjohfhhfxrybzyrozw/Build/Intermediates.noindex/jizhang.build/Debug-iphonesimulator/jizhangTests.build/Objects-normal/arm64/jizhangTests.SwiftConstValuesFileList --compile-time-extraction --deployment-aware-processing --validate-assistant-intents --no-app-shortcuts-localization
2026-01-31 14:21:40.445 appintentsmetadataprocessor[13598:149264] Starting appintentsmetadataprocessor export
2026-01-31 14:21:40.524 appintentsmetadataprocessor[13598:149264] Extracted no relevant App Intents symbols, skipping writing output

CodeSign /Users/xuxiaolong/Library/Developer/Xcode/DerivedData/jizhang-cdlcjwijbopjohfhhfxrybzyrozw/Build/Products/Debug-iphonesimulator/jizhang.app/PlugIns/jizhangTests.xctest (in target 'jizhangTests' from project 'jizhang')
    cd /Users/xuxiaolong/OpenSource/jizhang_ios/jizhang
    
    Signing Identity:     "Sign to Run Locally"
    
    /usr/bin/codesign --force --sign - --timestamp\=none --generate-entitlement-der /Users/xuxiaolong/Library/Developer/Xcode/DerivedData/jizhang-cdlcjwijbopjohfhhfxrybzyrozw/Build/Products/Debug-iphonesimulator/jizhang.app/PlugIns/jizhangTests.xctest

CodeSign /Users/xuxiaolong/Library/Developer/Xcode/DerivedData/jizhang-cdlcjwijbopjohfhhfxrybzyrozw/Build/Products/Debug-iphonesimulator/jizhang.app/jizhang.debug.dylib (in target 'jizhang' from project 'jizhang')
    cd /Users/xuxiaolong/OpenSource/jizhang_ios/jizhang
    
    Signing Identity:     "Sign to Run Locally"
    
    /usr/bin/codesign --force --sign - --timestamp\=none --generate-entitlement-der /Users/xuxiaolong/Library/Developer/Xcode/DerivedData/jizhang-cdlcjwijbopjohfhhfxrybzyrozw/Build/Products/Debug-iphonesimulator/jizhang.app/jizhang.debug.dylib

CodeSign /Users/xuxiaolong/Library/Developer/Xcode/DerivedData/jizhang-cdlcjwijbopjohfhhfxrybzyrozw/Build/Products/Debug-iphonesimulator/jizhang.app/__preview.dylib (in target 'jizhang' from project 'jizhang')
    cd /Users/xuxiaolong/OpenSource/jizhang_ios/jizhang
    
    Signing Identity:     "Sign to Run Locally"
    
    /usr/bin/codesign --force --sign - --timestamp\=none --generate-entitlement-der /Users/xuxiaolong/Library/Developer/Xcode/DerivedData/jizhang-cdlcjwijbopjohfhhfxrybzyrozw/Build/Products/Debug-iphonesimulator/jizhang.app/__preview.dylib

CodeSign /Users/xuxiaolong/Library/Developer/Xcode/DerivedData/jizhang-cdlcjwijbopjohfhhfxrybzyrozw/Build/Products/Debug-iphonesimulator/jizhang.app (in target 'jizhang' from project 'jizhang')
    cd /Users/xuxiaolong/OpenSource/jizhang_ios/jizhang
    
    Signing Identity:     "Sign to Run Locally"
    
    /usr/bin/codesign --force --sign - --entitlements /Users/xuxiaolong/Library/Developer/Xcode/DerivedData/jizhang-cdlcjwijbopjohfhhfxrybzyrozw/Build/Intermediates.noindex/jizhang.build/Debug-iphonesimulator/jizhang.build/jizhang.app.xcent --timestamp\=none --generate-entitlement-der /Users/xuxiaolong/Library/Developer/Xcode/DerivedData/jizhang-cdlcjwijbopjohfhhfxrybzyrozw/Build/Products/Debug-iphonesimulator/jizhang.app

ValidateEmbeddedBinary /Users/xuxiaolong/Library/Developer/Xcode/DerivedData/jizhang-cdlcjwijbopjohfhhfxrybzyrozw/Build/Products/Debug-iphonesimulator/jizhang.app/PlugIns/jizhangWidgetExtension.appex (in target 'jizhang' from project 'jizhang')
    cd /Users/xuxiaolong/OpenSource/jizhang_ios/jizhang
    /Applications/Xcode.app/Contents/Developer/usr/bin/embeddedBinaryValidationUtility /Users/xuxiaolong/Library/Developer/Xcode/DerivedData/jizhang-cdlcjwijbopjohfhhfxrybzyrozw/Build/Products/Debug-iphonesimulator/jizhang.app/PlugIns/jizhangWidgetExtension.appex -signing-cert - -info-plist-path /Users/xuxiaolong/Library/Developer/Xcode/DerivedData/jizhang-cdlcjwijbopjohfhhfxrybzyrozw/Build/Products/Debug-iphonesimulator/jizhang.app/Info.plist
warning: The CFBundleShortVersionString of an app extension ('1.0') must match that of its containing parent app ('1.0.0').

Validate /Users/xuxiaolong/Library/Developer/Xcode/DerivedData/jizhang-cdlcjwijbopjohfhhfxrybzyrozw/Build/Products/Debug-iphonesimulator/jizhang.app (in target 'jizhang' from project 'jizhang')
    cd /Users/xuxiaolong/OpenSource/jizhang_ios/jizhang
    builtin-validationUtility /Users/xuxiaolong/Library/Developer/Xcode/DerivedData/jizhang-cdlcjwijbopjohfhhfxrybzyrozw/Build/Products/Debug-iphonesimulator/jizhang.app -shallow-bundle -infoplist-subpath Info.plist

ProcessInfoPlistFile /Users/xuxiaolong/Library/Developer/Xcode/DerivedData/jizhang-cdlcjwijbopjohfhhfxrybzyrozw/Build/Products/Debug-iphonesimulator/jizhangUITests-Runner.app/PlugIns/jizhangUITests.xctest/Info.plist /Users/xuxiaolong/Library/Developer/Xcode/DerivedData/jizhang-cdlcjwijbopjohfhhfxrybzyrozw/Build/Intermediates.noindex/jizhang.build/Debug-iphonesimulator/jizhangUITests.build/empty-jizhangUITests.plist (in target 'jizhangUITests' from project 'jizhang')
    cd /Users/xuxiaolong/OpenSource/jizhang_ios/jizhang
    builtin-infoPlistUtility /Users/xuxiaolong/Library/Developer/Xcode/DerivedData/jizhang-cdlcjwijbopjohfhhfxrybzyrozw/Build/Intermediates.noindex/jizhang.build/Debug-iphonesimulator/jizhangUITests.build/empty-jizhangUITests.plist -producttype com.apple.product-type.bundle.ui-testing -expandbuildsettings -format binary -platform iphonesimulator -additionalcontentfile /Users/xuxiaolong/Library/Developer/Xcode/DerivedData/jizhang-cdlcjwijbopjohfhhfxrybzyrozw/Build/Intermediates.noindex/jizhang.build/Debug-iphonesimulator/jizhangUITests.build/ProductTypeInfoPlistAdditions.plist -o /Users/xuxiaolong/Library/Developer/Xcode/DerivedData/jizhang-cdlcjwijbopjohfhhfxrybzyrozw/Build/Products/Debug-iphonesimulator/jizhangUITests-Runner.app/PlugIns/jizhangUITests.xctest/Info.plist

Ld /Users/xuxiaolong/Library/Developer/Xcode/DerivedData/jizhang-cdlcjwijbopjohfhhfxrybzyrozw/Build/Products/Debug-iphonesimulator/jizhangUITests-Runner.app/PlugIns/jizhangUITests.xctest/jizhangUITests normal (in target 'jizhangUITests' from project 'jizhang')
    cd /Users/xuxiaolong/OpenSource/jizhang_ios/jizhang
    /Applications/Xcode.app/Contents/Developer/Toolchains/XcodeDefault.xctoolchain/usr/bin/clang -Xlinker -reproducible -target arm64-apple-ios26.0-simulator -bundle -isysroot /Applications/Xcode.app/Contents/Developer/Platforms/iPhoneSimulator.platform/Developer/SDKs/iPhoneSimulator26.0.sdk -O0 -L/Users/xuxiaolong/Library/Developer/Xcode/DerivedData/jizhang-cdlcjwijbopjohfhhfxrybzyrozw/Build/Intermediates.noindex/EagerLinkingTBDs/Debug-iphonesimulator -L/Users/xuxiaolong/Library/Developer/Xcode/DerivedData/jizhang-cdlcjwijbopjohfhhfxrybzyrozw/Build/Products/Debug-iphonesimulator -L/Applications/Xcode.app/Contents/Developer/Platforms/iPhoneSimulator.platform/Developer/usr/lib -F/Users/xuxiaolong/Library/Developer/Xcode/DerivedData/jizhang-cdlcjwijbopjohfhhfxrybzyrozw/Build/Intermediates.noindex/EagerLinkingTBDs/Debug-iphonesimulator -F/Users/xuxiaolong/Library/Developer/Xcode/DerivedData/jizhang-cdlcjwijbopjohfhhfxrybzyrozw/Build/Products/Debug-iphonesimulator -iframework /Applications/Xcode.app/Contents/Developer/Platforms/iPhoneSimulator.platform/Developer/Library/Frameworks -iframework /Applications/Xcode.app/Contents/Developer/Platforms/iPhoneSimulator.platform/Developer/SDKs/iPhoneSimulator26.0.sdk/Developer/Library/Frameworks -filelist /Users/xuxiaolong/Library/Developer/Xcode/DerivedData/jizhang-cdlcjwijbopjohfhhfxrybzyrozw/Build/Intermediates.noindex/jizhang.build/Debug-iphonesimulator/jizhangUITests.build/Objects-normal/arm64/jizhangUITests.LinkFileList -Xlinker -rpath -Xlinker @loader_path/Frameworks -dead_strip -Xlinker -object_path_lto -Xlinker /Users/xuxiaolong/Library/Developer/Xcode/DerivedData/jizhang-cdlcjwijbopjohfhhfxrybzyrozw/Build/Intermediates.noindex/jizhang.build/Debug-iphonesimulator/jizhangUITests.build/Objects-normal/arm64/jizhangUITests_lto.o -rdynamic -Xlinker -no_deduplicate -Xlinker -objc_abi_version -Xlinker 2 -Xlinker -dependency_info -Xlinker /Users/xuxiaolong/Library/Developer/Xcode/DerivedData/jizhang-cdlcjwijbopjohfhhfxrybzyrozw/Build/Intermediates.noindex/jizhang.build/Debug-iphonesimulator/jizhangUITests.build/Objects-normal/arm64/jizhangUITests_dependency_info.dat -fobjc-link-runtime -L/Applications/Xcode.app/Contents/Developer/Toolchains/XcodeDefault.xctoolchain/usr/lib/swift/iphonesimulator -L/usr/lib/swift -Xlinker -add_ast_path -Xlinker /Users/xuxiaolong/Library/Developer/Xcode/DerivedData/jizhang-cdlcjwijbopjohfhhfxrybzyrozw/Build/Intermediates.noindex/jizhang.build/Debug-iphonesimulator/jizhangUITests.build/Objects-normal/arm64/jizhangUITests.swiftmodule @/Users/xuxiaolong/Library/Developer/Xcode/DerivedData/jizhang-cdlcjwijbopjohfhhfxrybzyrozw/Build/Intermediates.noindex/jizhang.build/Debug-iphonesimulator/jizhangUITests.build/Objects-normal/arm64/jizhangUITests-linker-args.resp -Xlinker -needed_framework -Xlinker XCTest -framework XCTest -Xlinker -needed-lXCTestSwiftSupport -lXCTestSwiftSupport -Xlinker -sectcreate -Xlinker __TEXT -Xlinker __entitlements -Xlinker /Users/xuxiaolong/Library/Developer/Xcode/DerivedData/jizhang-cdlcjwijbopjohfhhfxrybzyrozw/Build/Intermediates.noindex/jizhang.build/Debug-iphonesimulator/jizhangUITests.build/jizhangUITests.xctest-Simulated.xcent -Xlinker -sectcreate -Xlinker __TEXT -Xlinker __ents_der -Xlinker /Users/xuxiaolong/Library/Developer/Xcode/DerivedData/jizhang-cdlcjwijbopjohfhhfxrybzyrozw/Build/Intermediates.noindex/jizhang.build/Debug-iphonesimulator/jizhangUITests.build/jizhangUITests.xctest-Simulated.xcent.der -Xlinker -no_adhoc_codesign -o /Users/xuxiaolong/Library/Developer/Xcode/DerivedData/jizhang-cdlcjwijbopjohfhhfxrybzyrozw/Build/Products/Debug-iphonesimulator/jizhangUITests-Runner.app/PlugIns/jizhangUITests.xctest/jizhangUITests

ExtractAppIntentsMetadata (in target 'jizhangUITests' from project 'jizhang')
    cd /Users/xuxiaolong/OpenSource/jizhang_ios/jizhang
    /Applications/Xcode.app/Contents/Developer/Toolchains/XcodeDefault.xctoolchain/usr/bin/appintentsmetadataprocessor --toolchain-dir /Applications/Xcode.app/Contents/Developer/Toolchains/XcodeDefault.xctoolchain --module-name jizhangUITests --sdk-root /Applications/Xcode.app/Contents/Developer/Platforms/iPhoneSimulator.platform/Developer/SDKs/iPhoneSimulator26.0.sdk --xcode-version 17A400 --platform-family iOS --deployment-target 26.0 --bundle-identifier com.xxl.jizhangUITests --output /Users/xuxiaolong/Library/Developer/Xcode/DerivedData/jizhang-cdlcjwijbopjohfhhfxrybzyrozw/Build/Products/Debug-iphonesimulator/jizhangUITests-Runner.app/PlugIns/jizhangUITests.xctest --target-triple arm64-apple-ios26.0-simulator --binary-file /Users/xuxiaolong/Library/Developer/Xcode/DerivedData/jizhang-cdlcjwijbopjohfhhfxrybzyrozw/Build/Products/Debug-iphonesimulator/jizhangUITests-Runner.app/PlugIns/jizhangUITests.xctest/jizhangUITests --dependency-file /Users/xuxiaolong/Library/Developer/Xcode/DerivedData/jizhang-cdlcjwijbopjohfhhfxrybzyrozw/Build/Intermediates.noindex/jizhang.build/Debug-iphonesimulator/jizhangUITests.build/Objects-normal/arm64/jizhangUITests_dependency_info.dat --stringsdata-file /Users/xuxiaolong/Library/Developer/Xcode/DerivedData/jizhang-cdlcjwijbopjohfhhfxrybzyrozw/Build/Intermediates.noindex/jizhang.build/Debug-iphonesimulator/jizhangUITests.build/Objects-normal/arm64/ExtractedAppShortcutsMetadata.stringsdata --source-file-list /Users/xuxiaolong/Library/Developer/Xcode/DerivedData/jizhang-cdlcjwijbopjohfhhfxrybzyrozw/Build/Intermediates.noindex/jizhang.build/Debug-iphonesimulator/jizhangUITests.build/Objects-normal/arm64/jizhangUITests.SwiftFileList --metadata-file-list /Users/xuxiaolong/Library/Developer/Xcode/DerivedData/jizhang-cdlcjwijbopjohfhhfxrybzyrozw/Build/Intermediates.noindex/jizhang.build/Debug-iphonesimulator/jizhangUITests.build/jizhangUITests.DependencyMetadataFileList --static-metadata-file-list /Users/xuxiaolong/Library/Developer/Xcode/DerivedData/jizhang-cdlcjwijbopjohfhhfxrybzyrozw/Build/Intermediates.noindex/jizhang.build/Debug-iphonesimulator/jizhangUITests.build/jizhangUITests.DependencyStaticMetadataFileList --swift-const-vals-list /Users/xuxiaolong/Library/Developer/Xcode/DerivedData/jizhang-cdlcjwijbopjohfhhfxrybzyrozw/Build/Intermediates.noindex/jizhang.build/Debug-iphonesimulator/jizhangUITests.build/Objects-normal/arm64/jizhangUITests.SwiftConstValuesFileList --compile-time-extraction --deployment-aware-processing --validate-assistant-intents --no-app-shortcuts-localization
2026-01-31 14:21:41.183 appintentsmetadataprocessor[13607:149351] Starting appintentsmetadataprocessor export
2026-01-31 14:21:41.184 appintentsmetadataprocessor[13607:149351] warning: Metadata extraction skipped. No AppIntents.framework dependency found.

CopySwiftLibs /Users/xuxiaolong/Library/Developer/Xcode/DerivedData/jizhang-cdlcjwijbopjohfhhfxrybzyrozw/Build/Products/Debug-iphonesimulator/jizhangUITests-Runner.app/PlugIns/jizhangUITests.xctest (in target 'jizhangUITests' from project 'jizhang')
    cd /Users/xuxiaolong/OpenSource/jizhang_ios/jizhang
    builtin-swiftStdLibTool --copy --verbose --sign - --scan-executable /Users/xuxiaolong/Library/Developer/Xcode/DerivedData/jizhang-cdlcjwijbopjohfhhfxrybzyrozw/Build/Products/Debug-iphonesimulator/jizhangUITests-Runner.app/PlugIns/jizhangUITests.xctest/jizhangUITests --scan-folder /Users/xuxiaolong/Library/Developer/Xcode/DerivedData/jizhang-cdlcjwijbopjohfhhfxrybzyrozw/Build/Products/Debug-iphonesimulator/jizhangUITests-Runner.app/PlugIns/jizhangUITests.xctest/Frameworks --scan-folder /Users/xuxiaolong/Library/Developer/Xcode/DerivedData/jizhang-cdlcjwijbopjohfhhfxrybzyrozw/Build/Products/Debug-iphonesimulator/jizhangUITests-Runner.app/PlugIns/jizhangUITests.xctest/PlugIns --scan-folder /Users/xuxiaolong/Library/Developer/Xcode/DerivedData/jizhang-cdlcjwijbopjohfhhfxrybzyrozw/Build/Products/Debug-iphonesimulator/jizhangUITests-Runner.app/PlugIns/jizhangUITests.xctest/SystemExtensions --scan-folder /Users/xuxiaolong/Library/Developer/Xcode/DerivedData/jizhang-cdlcjwijbopjohfhhfxrybzyrozw/Build/Products/Debug-iphonesimulator/jizhangUITests-Runner.app/PlugIns/jizhangUITests.xctest/Extensions --platform iphonesimulator --toolchain /Applications/Xcode.app/Contents/Developer/Toolchains/XcodeDefault.xctoolchain --destination /Users/xuxiaolong/Library/Developer/Xcode/DerivedData/jizhang-cdlcjwijbopjohfhhfxrybzyrozw/Build/Products/Debug-iphonesimulator/jizhangUITests-Runner.app/PlugIns/jizhangUITests.xctest/Frameworks --strip-bitcode --scan-executable /Applications/Xcode.app/Contents/Developer/Platforms/iPhoneSimulator.platform/Developer/usr/lib/libXCTestSwiftSupport.dylib --strip-bitcode-tool /Applications/Xcode.app/Contents/Developer/Toolchains/XcodeDefault.xctoolchain/usr/bin/bitcode_strip --emit-dependency-info /Users/xuxiaolong/Library/Developer/Xcode/DerivedData/jizhang-cdlcjwijbopjohfhhfxrybzyrozw/Build/Intermediates.noindex/jizhang.build/Debug-iphonesimulator/jizhangUITests.build/SwiftStdLibToolInputDependencies.dep --filter-for-swift-os

CodeSign /Users/xuxiaolong/Library/Developer/Xcode/DerivedData/jizhang-cdlcjwijbopjohfhhfxrybzyrozw/Build/Products/Debug-iphonesimulator/jizhangUITests-Runner.app/PlugIns/jizhangUITests.xctest (in target 'jizhangUITests' from project 'jizhang')
    cd /Users/xuxiaolong/OpenSource/jizhang_ios/jizhang
    
    Signing Identity:     "Sign to Run Locally"
    
    /usr/bin/codesign --force --sign - --timestamp\=none --generate-entitlement-der /Users/xuxiaolong/Library/Developer/Xcode/DerivedData/jizhang-cdlcjwijbopjohfhhfxrybzyrozw/Build/Products/Debug-iphonesimulator/jizhangUITests-Runner.app/PlugIns/jizhangUITests.xctest

2026-01-31 14:26:29.236 xcodebuild[13547:177124]  iOSSimulator: 6883E69B-8259-4A4A-BF42-038AB8BC0B95: Failed to launch app with identifier: com.xxl.jizhangUITests.xctrunner and options: {
    "activate_suspended" = 1;
    arguments =     (
    );
    environment =     {
        "APP_DISTRIBUTOR_ID_OVERRIDE" = "com.apple.AppStore";
        "CA_ASSERT_MAIN_THREAD_TRANSACTIONS" = 0;
        "CA_DEBUG_TRANSACTIONS" = 0;
        "DYLD_FRAMEWORK_PATH" = "/Users/xuxiaolong/Library/Developer/Xcode/DerivedData/jizhang-cdlcjwijbopjohfhhfxrybzyrozw/Build/Products/Debug-iphonesimulator:/Users/xuxiaolong/Library/Developer/Xcode/DerivedData/jizhang-cdlcjwijbopjohfhhfxrybzyrozw/Build/Products/Debug-iphonesimulator/PackageFrameworks:/Applications/Xcode.app/Contents/Developer/Platforms/iPhoneSimulator.platform/Developer/Library/Frameworks:/Users/xuxiaolong/Library/Developer/Xcode/DerivedData/jizhang-cdlcjwijbopjohfhhfxrybzyrozw/Build/Products/Debug-iphonesimulator:/Users/xuxiaolong/Library/Developer/Xcode/DerivedData/jizhang-cdlcjwijbopjohfhhfxrybzyrozw/Build/Products/Debug-iphonesimulator/PackageFrameworks:/Applications/Xcode.app/Contents/Developer/Platforms/iPhoneSimulator.platform/Developer/Library/Frameworks";
        "DYLD_INSERT_LIBRARIES" = "/usr/lib/libRPAC.dylib:/Library/Developer/CoreSimulator/Volumes/iOS_23A8464/Library/Developer/CoreSimulator/Profiles/Runtimes/iOS 26.0.simruntime/Contents/Resources/RuntimeRoot/usr/lib/libMainThreadChecker.dylib:/usr/lib/libRPAC.dylib:/Library/Developer/CoreSimulator/Volumes/iOS_23A8464/Library/Developer/CoreSimulator/Profiles/Runtimes/iOS 26.0.simruntime/Contents/Resources/RuntimeRoot/usr/lib/libMainThreadChecker.dylib:/usr/lib/libRPAC.dylib";
        "DYLD_LIBRARY_PATH" = "/Users/xuxiaolong/Library/Developer/Xcode/DerivedData/jizhang-cdlcjwijbopjohfhhfxrybzyrozw/Build/Products/Debug-iphonesimulator:/Applications/Xcode.app/Contents/Developer/Platforms/iPhoneSimulator.platform/Developer/usr/lib:/Users/xuxiaolong/Library/Developer/Xcode/DerivedData/jizhang-cdlcjwijbopjohfhhfxrybzyrozw/Build/Products/Debug-iphonesimulator:/Applications/Xcode.app/Contents/Developer/Platforms/iPhoneSimulator.platform/Developer/usr/lib";
        "LLVM_PROFILE_FILE" = "/dev/null";
        NSUnbufferedIO = YES;
        "OS_ACTIVITY_DT_MODE" = YES;
        "PERFC_ENABLE_EXTENDED_DIAGNOSTIC_FORMAT" = 1;
        "PERFC_ENABLE_PROFILE_MODE" = 1;
        "PERFC_RESET_INSERT_LIBRARIES" = 1;
        "PERFC_SUPPRESS_SYSTEM_REPORTS" = 1;
        "RUN_DESTINATION_DEVICE_NAME" = "Clone 5 of iPhone 17";
        "RUN_DESTINATION_DEVICE_PLATFORM_IDENTIFIER" = "com.apple.platform.iphonesimulator";
        "RUN_DESTINATION_DEVICE_UDID" = "6883E69B-8259-4A4A-BF42-038AB8BC0B95";
        "SQLITE_ENABLE_THREAD_ASSERTIONS" = 1;
        TERM = dumb;
        "XCODE_SCHEME_NAME" = jizhang;
        XCTestBundleInjectPath = "/usr/lib/libRPAC.dylib:/Library/Developer/CoreSimulator/Volumes/iOS_23A8464/Library/Developer/CoreSimulator/Profiles/Runtimes/iOS 26.0.simruntime/Contents/Resources/RuntimeRoot/usr/lib/libMainThreadChecker.dylib:/usr/lib/libRPAC.dylib:/Library/Developer/CoreSimulator/Volumes/iOS_23A8464/Library/Developer/CoreSimulator/Profiles/Runtimes/iOS 26.0.simruntime/Contents/Resources/RuntimeRoot/usr/lib/libMainThreadChecker.dylib:/usr/lib/libRPAC.dylib";
        XCTestBundlePath = "PlugIns/jizhangUITests.xctest";
        XCTestConfigurationFilePath = "";
        XCTestSessionIdentifier = "5341C0E8-55DC-4699-9A5F-0A3CF1C0904C";
        "__XCODE_BUILT_PRODUCTS_DIR_PATHS" = "/Users/xuxiaolong/Library/Developer/Xcode/DerivedData/jizhang-cdlcjwijbopjohfhhfxrybzyrozw/Build/Products/Debug-iphonesimulator";
        "__XPC_DYLD_FRAMEWORK_PATH" = "/Users/xuxiaolong/Library/Developer/Xcode/DerivedData/jizhang-cdlcjwijbopjohfhhfxrybzyrozw/Build/Products/Debug-iphonesimulator:/Users/xuxiaolong/Library/Developer/Xcode/DerivedData/jizhang-cdlcjwijbopjohfhhfxrybzyrozw/Build/Products/Debug-iphonesimulator";
        "__XPC_DYLD_LIBRARY_PATH" = "/Users/xuxiaolong/Library/Developer/Xcode/DerivedData/jizhang-cdlcjwijbopjohfhhfxrybzyrozw/Build/Products/Debug-iphonesimulator:/Users/xuxiaolong/Library/Developer/Xcode/DerivedData/jizhang-cdlcjwijbopjohfhhfxrybzyrozw/Build/Products/Debug-iphonesimulator";
        "__XPC_LLVM_PROFILE_FILE" = "/dev/null";
    };
    stderr = "/dev/ttys023";
    stdout = "/dev/ttys023";
    "terminate_running_process" = 1;
    "wait_for_debugger" = 1;
} (error = Error Domain=FBSOpenApplicationServiceErrorDomain Code=1 "Simulator device failed to launch com.xxl.jizhangUITests.xctrunner." UserInfo={NSLocalizedDescription=Simulator device failed to launch com.xxl.jizhangUITests.xctrunner., NSUnderlyingError=0x30d607230 {Error Domain=FBSOpenApplicationServiceErrorDomain Code=1 "The request to open "com.xxl.jizhangUITests.xctrunner" failed." UserInfo={BSErrorCodeDescription=RequestDenied, NSLocalizedDescription=The request to open "com.xxl.jizhangUITests.xctrunner" failed., NSUnderlyingError=0x30bc4cb90 {Error Domain=FBProcessExit Code=64 "The process failed to launch." UserInfo={NSUnderlyingError=0x30bc4a2d0 {Error Domain=RBSRequestErrorDomain Code=5 "Launch failed." UserInfo=0x30bc4d2a0 (not displayed)}, BSErrorCodeDescription=launch-failed, NSLocalizedFailureReason=The process failed to launch.}}, FBSOpenApplicationRequestID=0x52fc, NSLocalizedFailureReason=The request was denied by service delegate (SBMainWorkspace).}}, NSLocalizedFailureReason=The request was denied by service delegate (SBMainWorkspace)., FBSOpenApplicationRequestID=0x52fc, SimCallingSelector=launchApplicationWithID:options:pid:error:, BSErrorCodeDescription=RequestDenied})
